Component: ARM Compiler 5.06 update 6 (build 750) Tool: armlink [4d35ed]

==============================================================================

Section Cross References

    startup_stm32f103xb.o(STACK) refers (Special) to heapauxi.o(.text) for __use_two_region_memory
    startup_stm32f103xb.o(HEAP) refers (Special) to heapauxi.o(.text) for __use_two_region_memory
    startup_stm32f103xb.o(RESET) refers (Special) to heapauxi.o(.text) for __use_two_region_memory
    startup_stm32f103xb.o(RESET) refers to startup_stm32f103xb.o(STACK) for __initial_sp
    startup_stm32f103xb.o(RESET) refers to startup_stm32f103xb.o(.text) for Reset_Handler
    startup_stm32f103xb.o(RESET) refers to stm32f1xx_it.o(i.NMI_Handler) for NMI_Handler
    startup_stm32f103xb.o(RESET) refers to stm32f1xx_it.o(i.HardFault_Handler) for HardFault_Handler
    startup_stm32f103xb.o(RESET) refers to stm32f1xx_it.o(i.MemManage_Handler) for MemManage_Handler
    startup_stm32f103xb.o(RESET) refers to stm32f1xx_it.o(i.BusFault_Handler) for BusFault_Handler
    startup_stm32f103xb.o(RESET) refers to stm32f1xx_it.o(i.UsageFault_Handler) for UsageFault_Handler
    startup_stm32f103xb.o(RESET) refers to stm32f1xx_it.o(i.SVC_Handler) for SVC_Handler
    startup_stm32f103xb.o(RESET) refers to stm32f1xx_it.o(i.DebugMon_Handler) for DebugMon_Handler
    startup_stm32f103xb.o(RESET) refers to stm32f1xx_it.o(i.PendSV_Handler) for PendSV_Handler
    startup_stm32f103xb.o(RESET) refers to stm32f1xx_it.o(i.SysTick_Handler) for SysTick_Handler
    startup_stm32f103xb.o(RESET) refers to stm32f1xx_it.o(i.DMA1_Channel4_IRQHandler) for DMA1_Channel4_IRQHandler
    startup_stm32f103xb.o(RESET) refers to stm32f1xx_it.o(i.DMA1_Channel5_IRQHandler) for DMA1_Channel5_IRQHandler
    startup_stm32f103xb.o(RESET) refers to stm32f1xx_it.o(i.USB_HP_CAN1_TX_IRQHandler) for USB_HP_CAN1_TX_IRQHandler
    startup_stm32f103xb.o(RESET) refers to stm32f1xx_it.o(i.USB_LP_CAN1_RX0_IRQHandler) for USB_LP_CAN1_RX0_IRQHandler
    startup_stm32f103xb.o(RESET) refers to stm32f1xx_it.o(i.TIM3_IRQHandler) for TIM3_IRQHandler
    startup_stm32f103xb.o(RESET) refers to stm32f1xx_it.o(i.TIM4_IRQHandler) for TIM4_IRQHandler
    startup_stm32f103xb.o(RESET) refers to stm32f1xx_it.o(i.USART1_IRQHandler) for USART1_IRQHandler
    startup_stm32f103xb.o(.text) refers (Special) to heapauxi.o(.text) for __use_two_region_memory
    startup_stm32f103xb.o(.text) refers to system_stm32f1xx.o(i.SystemInit) for SystemInit
    startup_stm32f103xb.o(.text) refers to __main.o(!!!main) for __main
    startup_stm32f103xb.o(.text) refers to startup_stm32f103xb.o(HEAP) for Heap_Mem
    startup_stm32f103xb.o(.text) refers to startup_stm32f103xb.o(STACK) for Stack_Mem
    main.o(i.HAL_TIM_PeriodElapsedCallback) refers to stm32f1xx_hal.o(i.HAL_IncTick) for HAL_IncTick
    main.o(i.SystemClock_Config) refers to rt_memclr_w.o(.text) for __aeabi_memclr4
    main.o(i.SystemClock_Config) refers to stm32f1xx_hal_rcc.o(i.HAL_RCC_OscConfig) for HAL_RCC_OscConfig
    main.o(i.SystemClock_Config) refers to stm32f1xx_hal_rcc.o(i.HAL_RCC_ClockConfig) for HAL_RCC_ClockConfig
    main.o(i.SystemClock_Config) refers to stm32f1xx_hal_rcc_ex.o(i.HAL_RCCEx_PeriphCLKConfig) for HAL_RCCEx_PeriphCLKConfig
    main.o(i.main) refers to stm32f1xx_hal.o(i.HAL_Init) for HAL_Init
    main.o(i.main) refers to main.o(i.SystemClock_Config) for SystemClock_Config
    main.o(i.main) refers to gpio.o(i.MX_GPIO_Init) for MX_GPIO_Init
    main.o(i.main) refers to dma.o(i.MX_DMA_Init) for MX_DMA_Init
    main.o(i.main) refers to usart.o(i.MX_USART1_UART_Init) for MX_USART1_UART_Init
    main.o(i.main) refers to tim.o(i.MX_TIM2_Init) for MX_TIM2_Init
    main.o(i.main) refers to tim.o(i.MX_TIM3_Init) for MX_TIM3_Init
    main.o(i.main) refers to usb_device.o(i.MX_USB_DEVICE_Init) for MX_USB_DEVICE_Init
    main.o(i.main) refers to circle_buffer.o(i.Circle_Buf_Init) for Circle_Buf_Init
    main.o(i.main) refers to la_sump.o(i.LA_Init) for LA_Init
    main.o(i.main) refers to stm32f1xx_hal_tim.o(i.HAL_TIM_PWM_Start) for HAL_TIM_PWM_Start
    main.o(i.main) refers to la_sump.o(i.LogicalAnalyser) for LogicalAnalyser
    main.o(i.main) refers to circle_buffer.o(.bss) for g_RecvBuf
    main.o(i.main) refers to circle_buffer.o(.bss) for g_uart_rx_bufs
    main.o(i.main) refers to tim.o(.bss) for htim3
    gpio.o(i.MX_GPIO_Init) refers to stm32f1xx_hal_gpio.o(i.HAL_GPIO_WritePin) for HAL_GPIO_WritePin
    gpio.o(i.MX_GPIO_Init) refers to stm32f1xx_hal_gpio.o(i.HAL_GPIO_Init) for HAL_GPIO_Init
    dma.o(i.MX_DMA_Init) refers to stm32f1xx_hal_cortex.o(i.HAL_NVIC_SetPriority) for HAL_NVIC_SetPriority
    dma.o(i.MX_DMA_Init) refers to stm32f1xx_hal_cortex.o(i.HAL_NVIC_EnableIRQ) for HAL_NVIC_EnableIRQ
    tim.o(i.HAL_TIM_Base_MspDeInit) refers to stm32f1xx_hal_cortex.o(i.HAL_NVIC_DisableIRQ) for HAL_NVIC_DisableIRQ
    tim.o(i.HAL_TIM_Base_MspInit) refers to stm32f1xx_hal_cortex.o(i.HAL_NVIC_SetPriority) for HAL_NVIC_SetPriority
[...]
    i.USBD_Get_USB_Status                    0x08003bc8   Section        0  usbd_conf.o(i.USBD_Get_USB_Status)
    USBD_Get_USB_Status                      0x08003bc9   Thumb Code    36  usbd_conf.o(i.USBD_Get_USB_Status)
    i.USBD_Init                              0x08003bec   Section        0  usbd_core.o(i.USBD_Init)
    i.USBD_LL_ClearStallEP                   0x08003c18   Section        0  usbd_conf.o(i.USBD_LL_ClearStallEP)
    i.USBD_LL_CloseEP                        0x08003c2a   Section        0  usbd_conf.o(i.USBD_LL_CloseEP)
    i.USBD_LL_DataInStage                    0x08003c3c   Section        0  usbd_core.o(i.USBD_LL_DataInStage)
    i.USBD_LL_DataOutStage                   0x08003d12   Section        0  usbd_core.o(i.USBD_LL_DataOutStage)
    i.USBD_LL_GetRxDataSize                  0x08003d9c   Section        0  usbd_conf.o(i.USBD_LL_GetRxDataSize)
    i.USBD_LL_Init                           0x08003da4   Section        0  usbd_conf.o(i.USBD_LL_Init)
    i.USBD_LL_IsStallEP                      0x08003e28   Section        0  usbd_conf.o(i.USBD_LL_IsStallEP)
    i.USBD_LL_OpenEP                         0x08003e48   Section        0  usbd_conf.o(i.USBD_LL_OpenEP)
    i.USBD_LL_PrepareReceive                 0x08003e60   Section        0  usbd_conf.o(i.USBD_LL_PrepareReceive)
    i.USBD_LL_Reset                          0x08003e72   Section        0  usbd_core.o(i.USBD_LL_Reset)
    i.USBD_LL_Resume                         0x08003ec4   Section        0  usbd_core.o(i.USBD_LL_Resume)
    i.USBD_LL_SOF                            0x08003ed8   Section        0  usbd_core.o(i.USBD_LL_SOF)
    i.USBD_LL_SetSpeed                       0x08003ef0   Section        0  usbd_core.o(i.USBD_LL_SetSpeed)
    i.USBD_LL_SetUSBAddress                  0x08003ef6   Section        0  usbd_conf.o(i.USBD_LL_SetUSBAddress)
    i.USBD_LL_SetupStage                     0x08003f08   Section        0  usbd_core.o(i.USBD_LL_SetupStage)
    i.USBD_LL_StallEP                        0x08003f66   Section        0  usbd_conf.o(i.USBD_LL_StallEP)
    i.USBD_LL_Start                          0x08003f78   Section        0  usbd_conf.o(i.USBD_LL_Start)
    i.USBD_LL_Suspend                        0x08003f8a   Section        0  usbd_core.o(i.USBD_LL_Suspend)
    i.USBD_LL_Transmit                       0x08003f9c   Section        0  usbd_conf.o(i.USBD_LL_Transmit)
    i.USBD_ParseSetupRequest                 0x08003fae   Section        0  usbd_ctlreq.o(i.USBD_ParseSetupRequest)
    i.USBD_RegisterClass                     0x08003fd6   Section        0  usbd_core.o(i.USBD_RegisterClass)
    i.USBD_RunTestMode                       0x08003fe8   Section        0  usbd_core.o(i.USBD_RunTestMode)
    i.USBD_SetAddress                        0x08003fec   Section        0  usbd_ctlreq.o(i.USBD_SetAddress)
    USBD_SetAddress                          0x08003fed   Thumb Code    88  usbd_ctlreq.o(i.USBD_SetAddress)
    i.USBD_SetClassConfig                    0x08004044   Section        0  usbd_core.o(i.USBD_SetClassConfig)
    i.USBD_SetConfig                         0x0800405c   Section        0  usbd_ctlreq.o(i.USBD_SetConfig)
    USBD_SetConfig                           0x0800405d   Thumb Code   198  usbd_ctlreq.o(i.USBD_SetConfig)
    i.USBD_SetFeature                        0x08004128   Section        0  usbd_ctlreq.o(i.USBD_SetFeature)
    USBD_SetFeature                          0x08004129   Thumb Code    16  usbd_ctlreq.o(i.USBD_SetFeature)
    i.USBD_Start                             0x08004138   Section        0  usbd_core.o(i.USBD_Start)
    i.USBD_StdDevReq                         0x08004142   Section        0  usbd_ctlreq.o(i.USBD_StdDevReq)
    i.USBD_StdEPReq                          0x080041c2   Section        0  usbd_ctlreq.o(i.USBD_StdEPReq)
    i.USBD_StdItfReq                         0x080043b2   Section        0  usbd_ctlreq.o(i.USBD_StdItfReq)
    i.USBD_static_free                       0x0800441c   Section        0  usbd_conf.o(i.USBD_static_free)
    i.USBD_static_malloc                     0x08004420   Section        0  usbd_conf.o(i.USBD_static_malloc)
    i.USB_ActivateEndpoint                   0x08004428   Section        0  stm32f1xx_ll_usb.o(i.USB_ActivateEndpoint)
    i.USB_CoreInit                           0x080046c4   Section        0  stm32f1xx_ll_usb.o(i.USB_CoreInit)
    i.USB_DeactivateEndpoint                 0x080046c8   Section        0  stm32f1xx_ll_usb.o(i.USB_DeactivateEndpoint)
    i.USB_DevConnect                         0x080047d6   Section        0  stm32f1xx_ll_usb.o(i.USB_DevConnect)
    i.USB_DevDisconnect                      0x080047da   Section        0  stm32f1xx_ll_usb.o(i.USB_DevDisconnect)
    i.USB_DevInit                            0x080047de   Section        0  stm32f1xx_ll_usb.o(i.USB_DevInit)
    i.USB_DisableGlobalInt                   0x080047f0   Section        0  stm32f1xx_ll_usb.o(i.USB_DisableGlobalInt)
    i.USB_EP0_OutStart                       0x080047fe   Section        0  stm32f1xx_ll_usb.o(i.USB_EP0_OutStart)
    i.USB_EPClearStall                       0x08004802   Section        0  stm32f1xx_ll_usb.o(i.USB_EPClearStall)
    i.USB_EPSetStall                         0x0800487a   Section        0  stm32f1xx_ll_usb.o(i.USB_EPSetStall)
    i.USB_EPStartXfer                        0x080048ac   Section        0  stm32f1xx_ll_usb.o(i.USB_EPStartXfer)
    i.USB_EnableGlobalInt                    0x08004d8e   Section        0  stm32f1xx_ll_usb.o(i.USB_EnableGlobalInt)
    i.USB_HP_CAN1_TX_IRQHandler              0x08004da0   Section        0  stm32f1xx_it.o(i.USB_HP_CAN1_TX_IRQHandler)
    i.USB_LP_CAN1_RX0_IRQHandler             0x08004dac   Section        0  stm32f1xx_it.o(i.USB_LP_CAN1_RX0_IRQHandler)
    i.USB_ReadInterrupts                     0x08004db8   Section        0  stm32f1xx_ll_usb.o(i.USB_ReadInterrupts)
    i.USB_ReadPMA                            0x08004dc0   Section        0  stm32f1xx_ll_usb.o(i.USB_ReadPMA)
    i.USB_SetCurrentMode                     0x08004dec   Section        0  stm32f1xx_ll_usb.o(i.USB_SetCurrentMode)
    i.USB_SetDevAddress                      0x08004df0   Section        0  stm32f1xx_ll_usb.o(i.USB_SetDevAddress)
    i.USB_WritePMA                           0x08004dfc   Section        0  stm32f1xx_ll_usb.o(i.USB_WritePMA)
    i.UsageFault_Handler                     0x08004e22   Section        0  stm32f1xx_it.o(i.UsageFault_Handler)
    i.__NVIC_SetPriority                     0x08004e24   Section        0  stm32f1xx_hal_cortex.o(i.__NVIC_SetPriority)
    __NVIC_SetPriority                       0x08004e25   Thumb Code    32  stm32f1xx_hal_cortex.o(i.__NVIC_SetPriority)
    i.main                                   0x08004e44   Section        0  main.o(i.main)
    i.mdelay                                 0x08004e8c   Section        0  driver_timer.o(i.mdelay)
    i.send_byte                              0x08004ea8   Section        0  la_sump.o(i.send_byte)
    send_byte                                0x08004ea9   Thumb Code    26  la_sump.o(i.send_byte)
    i.send_uint32                            0x08004ec8   Section        0  la_sump.o(i.send_uint32)
    send_uint32                              0x08004ec9   Thumb Code    36  la_sump.o(i.send_uint32)
    i.start                                  0x08004eec   Section        0  la_sump.o(i.start)
    start                                    0x08004eed   Thumb Code    78  la_sump.o(i.start)
    i.uart_save_in_buf_and_send              0x08004f50   Section        0  la_sump.o(i.uart_save_in_buf_and_send)
    uart_save_in_buf_and_send                0x08004f51   Thumb Code    84  la_sump.o(i.uart_save_in_buf_and_send)
    i.uart_send                              0x08004fac   Section        0  la_sump.o(i.uart_send)
    i.udelay                                 0x08004fb0   Section        0  driver_timer.o(i.udelay)
    i.upload                                 0x08004fe8   Section        0  la_sump.o(i.upload)
    upload                                   0x08004fe9   Thumb Code   286  la_sump.o(i.upload)
    i.usb_send                               0x08005114   Section        0  usbd_cdc_if.o(i.usb_send)
    .constdata                               0x0800514c   Section       18  stm32f1xx_hal_rcc.o(.constdata)
    aPredivFactorTable                       0x0800514c   Data           2  stm32f1xx_hal_rcc.o(.constdata)
    aPLLMULFactorTable                       0x0800514e   Data          16  stm32f1xx_hal_rcc.o(.constdata)
    .constdata                               0x0800515e   Section       16  system_stm32f1xx.o(.constdata)
    .constdata                               0x0800516e   Section        8  system_stm32f1xx.o(.constdata)
    .data                                    0x20000000   Section       12  stm32f1xx_hal.o(.data)
    .data                                    0x2000000c   Section        4  system_stm32f1xx.o(.data)
    .data                                    0x20000010   Section        4  circle_buffer.o(.data)
    .data                                    0x20000014   Section       48  la_sump.o(.data)
    sampling_en                              0x20000014   Data           1  la_sump.o(.data)
    g_triggerState                           0x20000015   Data           1  la_sump.o(.data)
    uart_rx_head                             0x20000016   Data           2  la_sump.o(.data)
    g_samplingRate                           0x20000018   Data           4  la_sump.o(.data)
    g_sampleDelay                            0x2000001c   Data           4  la_sump.o(.data)
    g_sampleNumber                           0x20000020   Data           4  la_sump.o(.data)
    g_triggerMask                            0x20000024   Data           4  la_sump.o(.data)
    g_triggerValue                           0x20000028   Data           4  la_sump.o(.data)
    g_virtual_bufferSize                     0x20000034   Data           4  la_sump.o(.data)
    g_flags                                  0x20000038   Data           4  la_sump.o(.data)
    cnt                                      0x20000040   Data           4  la_sump.o(.data)
    .data                                    0x20000044   Section       28  usbd_desc.o(.data)
    .data                                    0x20000060   Section       50  usbd_desc.o(.data)
    .data                                    0x20000094   Section       16  usbd_cdc_if.o(.data)
    .data                                    0x200000a4   Section        1  usbd_ctlreq.o(.data)
    cfgidx                                   0x200000a4   Data           1  usbd_ctlreq.o(.data)
    .data                                    0x200000a8   Section      215  usbd_cdc.o(.data)
    USBD_CDC_DeviceQualifierDesc             0x200000a8   Data          10  usbd_cdc.o(.data)
    .data                                    0x20000180   Section       56  usbd_cdc.o(.data)
    .bss                                     0x200001b8   Section      144  tim.o(.bss)
    .bss                                     0x20000248   Section      208  usart.o(.bss)
    .bss                                     0x20000318   Section       72  stm32f1xx_hal_timebase_tim.o(.bss)
    .bss                                     0x20000360   Section      100  circle_buffer.o(.bss)
    .bss                                     0x200003c4   Section       16  circle_buffer.o(.bss)
    .bss                                     0x200003d4   Section     5440  la_sump.o(.bss)
    buf                                      0x200003d4   Data          64  la_sump.o(.bss)
    uart_rx_buf                              0x20001814   Data         128  la_sump.o(.bss)
    la_tem_buf                               0x20001894   Data         128  la_sump.o(.bss)
    .bss                                     0x20001914   Section      708  usb_device.o(.bss)
    .bss                                     0x20001bd8   Section      512  usbd_desc.o(.bss)
    .bss                                     0x20001dd8   Section     2048  usbd_cdc_if.o(.bss)
    .bss                                     0x200025d8   Section     1272  usbd_conf.o(.bss)
    mem                                      0x200025d8   Data         544  usbd_conf.o(.bss)
    .bss                                     0x20002ad0   Section       96  libspace.o(.bss)
    HEAP                                     0x20002b30   Section      512  startup_stm32f103xb.o(HEAP)
    Heap_Mem                                 0x20002b30   Data         512  startup_stm32f103xb.o(HEAP)
    STACK                                    0x20002d30   Section     1024  startup_stm32f103xb.o(STACK)
    Stack_Mem                                0x20002d30   Data        1024  startup_stm32f103xb.o(STACK)
    __initial_sp                             0x20003130   Data           0  startup_stm32f103xb.o(STACK)

    Global Symbols

    Symbol Name                              Value     Ov Type        Size  Object(Section)

    BuildAttributes$$THM_ISAv4$P$D$K$B$S$PE$A:L22UL41UL21$X:L11$S22US41US21$IEEE1$IW$USESV6$~STKCKD$USESV7$~SHL$OTIME$ROPI$EBA8$UX$STANDARDLIB$REQ8$PRES8$EABIv2 0x00000000   Number         0  anon$$obj.o ABSOLUTE
    __ARM_use_no_argv                        0x00000000   Number         0  main.o ABSOLUTE
    __ARM_exceptions_init                     - Undefined Weak Reference
    __alloca_initialize                       - Undefined Weak Reference
    __arm_preinit_                            - Undefined Weak Reference
    __cpp_initialize__aeabi_                  - Undefined Weak Reference
    __cxa_finalize                            - Undefined Weak Reference
    __rt_locale                               - Undefined Weak Reference
    __sigvec_lookup                           - Undefined Weak Reference
    _atexit_init                              - Undefined Weak Reference
    _call_atexit_fns                          - Undefined Weak Reference
    _clock_init                               - Undefined Weak Reference
    _fp_trap_init                             - Undefined Weak Reference
    _fp_trap_shutdown                         - Undefined Weak Reference
    _get_lc_collate                           - Undefined Weak Reference
    _get_lc_ctype                             - Undefined Weak Reference
    _get_lc_monetary                          - Undefined Weak Reference
    _get_lc_numeric                           - Undefined Weak Reference
    _get_lc_time                              - Undefined Weak Reference
    _getenv_init                              - Undefined Weak Reference
    _handle_redirection                       - Undefined Weak Reference
    _init_alloc                               - Undefined Weak Reference
    _init_user_alloc                          - Undefined Weak Reference
    _initio                                   - Undefined Weak Reference
    _rand_init                                - Undefined Weak Reference
    _signal_finish                            - Undefined Weak Reference
    _signal_init                              - Undefined Weak Reference
    _terminate_alloc                          - Undefined Weak Reference
    _terminate_user_alloc                     - Undefined Weak Reference
    _terminateio                              - Undefined Weak Reference
    __Vectors_Size                           0x000000ec   Number         0  startup_stm32f103xb.o ABSOLUTE
    __Vectors                                0x08000000   Data           4  startup_stm32f103xb.o(RESET)
    __Vectors_End                            0x080000ec   Data           0  startup_stm32f103xb.o(RESET)
    __main                                   0x080000ed   Thumb Code     8  __main.o(!!!main)
    __scatterload                            0x080000f5   Thumb Code     0  __scatter.o(!!!scatter)
    __scatterload_rt2                        0x080000f5   Thumb Code    44  __scatter.o(!!!scatter)
    __scatterload_rt2_thumb_only             0x080000f5   Thumb Code     0  __scatter.o(!!!scatter)
    __scatterload_null                       0x08000103   Thumb Code     0  __scatter.o(!!!scatter)
    __decompress                             0x08000129   Thumb Code    90  __dczerorl2.o(!!dczerorl2)
    __decompress1                            0x08000129   Thumb Code     0  __dczerorl2.o(!!dczerorl2)
    __scatterload_zeroinit                   0x08000185   Thumb Code    28  __scatter_zi.o(!!handler_zi)
    __rt_lib_init                            0x080001a1   Thumb Code     0  libinit.o(.ARM.Collect$$libinit$$00000000)
    __rt_lib_init_alloca_1                   0x080001a3   Thumb Code     0  libinit2.o(.ARM.Collect$$libinit$$0000002E)
    __rt_lib_init_argv_1                     0x080001a3   Thumb Code     0  libinit2.o(.ARM.Collect$$libinit$$0000002C)
    __rt_lib_init_atexit_1                   0x080001a3   Thumb Code     0  libinit2.o(.ARM.Collect$$libinit$$0000001B)
    __rt_lib_init_clock_1                    0x080001a3   Thumb Code     0  libinit2.o(.ARM.Collect$$libinit$$00000021)
    __rt_lib_init_cpp_1                      0x080001a3   Thumb Code     0  libinit2.o(.ARM.Collect$$libinit$$00000032)
    __rt_lib_init_exceptions_1               0x080001a3   Thumb Code     0  libinit2.o(.ARM.Collect$$libinit$$00000030)
    __rt_lib_init_fp_1                       0x080001a3   Thumb Code     0  libinit2.o(.ARM.Collect$$libinit$$00000002)
    __rt_lib_init_fp_trap_1                  0x080001a3   Thumb Code     0  libinit2.o(.ARM.Collect$$libinit$$0000001F)
    __rt_lib_init_getenv_1                   0x080001a3   Thumb Code     0  libinit2.o(.ARM.Collect$$libinit$$00000023)
    __rt_lib_init_heap_1                     0x080001a3   Thumb Code     0  libinit2.o(.ARM.Collect$$libinit$$0000000A)
    __rt_lib_init_lc_collate_1               0x080001a3   Thumb Code     0  libinit2.o(.ARM.Collect$$libinit$$00000011)
    __rt_lib_init_lc_ctype_1                 0x080001a3   Thumb Code     0  libinit2.o(.ARM.Collect$$libinit$$00000013)
    __rt_lib_init_lc_monetary_1              0x080001a3   Thumb Code     0  libinit2.o(.ARM.Collect$$libinit$$00000015)
    __rt_lib_init_lc_numeric_1               0x080001a3   Thumb Code     0  libinit2.o(.ARM.Collect$$libinit$$00000017)
    __rt_lib_init_lc_time_1                  0x080001a3   Thumb Code     0  libinit2.o(.ARM.Collect$$libinit$$00000019)
    __rt_lib_init_preinit_1                  0x080001a3   Thumb Code     0  libinit2.o(.ARM.Collect$$libinit$$00000004)
    __rt_lib_init_rand_1                     0x080001a3   Thumb Code     0  libinit2.o(.ARM.Collect$$libinit$$0000000E)
    __rt_lib_init_return                     0x080001a3   Thumb Code     0  libinit2.o(.ARM.Collect$$libinit$$00000033)
    __rt_lib_init_signal_1                   0x080001a3   Thumb Code     0  libinit2.o(.ARM.Collect$$libinit$$0000001D)
    __rt_lib_init_stdio_1                    0x080001a3   Thumb Code     0  libinit2.o(.ARM.Collect$$libinit$$00000025)
    __rt_lib_init_user_alloc_1               0x080001a3   Thumb Code     0  libinit2.o(.ARM.Collect$$libinit$$0000000C)
    __rt_lib_shutdown                        0x080001a5   Thumb Code     0  libshutdown.o(.ARM.Collect$$libshutdown$$00000000)
    __rt_lib_shutdown_cpp_1                  0x080001a7   Thumb Code     0  libshutdown2.o(.ARM.Collect$$libshutdown$$00000002)
    __rt_lib_shutdown_fp_trap_1              0x080001a7   Thumb Code     0  libshutdown2.o(.ARM.Collect$$libshutdown$$00000007)
    __rt_lib_shutdown_heap_1                 0x080001a7   Thumb Code     0  libshutdown2.o(.ARM.Collect$$libshutdown$$0000000F)
    __rt_lib_shutdown_return                 0x080001a7   Thumb Code     0  libshutdown2.o(.ARM.Collect$$libshutdown$$00000010)
    __rt_lib_shutdown_signal_1               0x080001a7   Thumb Code     0  libshutdown2.o(.ARM.Collect$$libshutdown$$0000000A)
    __rt_lib_shutdown_stdio_1                0x080001a7   Thumb Code     0  libshutdown2.o(.ARM.Collect$$libshutdown$$00000004)
    __rt_lib_shutdown_user_alloc_1           0x080001a7   Thumb Code     0  libshutdown2.o(.ARM.Collect$$libshutdown$$0000000C)
    __rt_entry                               0x080001a9   Thumb Code     0  __rtentry.o(.ARM.Collect$$rtentry$$00000000)
    __rt_entry_presh_1                       0x080001a9   Thumb Code     0  __rtentry2.o(.ARM.Collect$$rtentry$$00000002)
    __rt_entry_sh                            0x080001a9   Thumb Code     0  __rtentry4.o(.ARM.Collect$$rtentry$$00000004)
    __rt_entry_li                            0x080001af   Thumb Code     0  __rtentry2.o(.ARM.Collect$$rtentry$$0000000A)
    __rt_entry_postsh_1                      0x080001af   Thumb Code     0  __rtentry2.o(.ARM.Collect$$rtentry$$00000009)
    __rt_entry_main                          0x080001b3   Thumb Code     0  __rtentry2.o(.ARM.Collect$$rtentry$$0000000D)
    __rt_entry_postli_1                      0x080001b3   Thumb Code     0  __rtentry2.o(.ARM.Collect$$rtentry$$0000000C)
    __rt_exit                                0x080001bb   Thumb Code     0  rtexit.o(.ARM.Collect$$rtexit$$00000000)
    __rt_exit_ls                             0x080001bd   Thumb Code     0  rtexit2.o(.ARM.Collect$$rtexit$$00000003)
    __rt_exit_prels_1                        0x080001bd   Thumb Code     0  rtexit2.o(.ARM.Collect$$rtexit$$00000002)
    __rt_exit_exit                           0x080001c1   Thumb Code     0  rtexit2.o(.ARM.Collect$$rtexit$$00000004)
    Reset_Handler                            0x080001c9   Thumb Code     8  startup_stm32f103xb.o(.text)
    ADC1_2_IRQHandler                        0x080001e3   Thumb Code     0  startup_stm32f103xb.o(.text)
    CAN1_RX1_IRQHandler                      0x080001e3   Thumb Code     0  startup_stm32f103xb.o(.text)
    CAN1_SCE_IRQHandler                      0x080001e3   Thumb Code     0  startup_stm32f103xb.o(.text)
    DMA1_Channel1_IRQHandler                 0x080001e3   Thumb Code     0  startup_stm32f103xb.o(.text)
    DMA1_Channel2_IRQHandler                 0x080001e3   Thumb Code     0  startup_stm32f103xb.o(.text)
    DMA1_Channel3_IRQHandler                 0x080001e3   Thumb Code     0  startup_stm32f103xb.o(.text)
    DMA1_Channel6_IRQHandler                 0x080001e3   Thumb Code     0  startup_stm32f103xb.o(.text)
    DMA1_Channel7_IRQHandler                 0x080001e3   Thumb Code     0  startup_stm32f103xb.o(.text)
    EXTI0_IRQHandler                         0x080001e3   Thumb Code     0  startup_stm32f103xb.o(.text)
    EXTI15_10_IRQHandler                     0x080001e3   Thumb Code     0  startup_stm32f103xb.o(.text)
    EXTI1_IRQHandler                         0x080001e3   Thumb Code     0  startup_stm32f103xb.o(.text)
    EXTI2_IRQHandler                         0x080001e3   Thumb Code     0  startup_stm32f103xb.o(.text)
    EXTI3_IRQHandler                         0x080001e3   Thumb Code     0  startup_stm32f103xb.o(.text)
    EXTI4_IRQHandler                         0x080001e3   Thumb Code     0  startup_stm32f103xb.o(.text)
    EXTI9_5_IRQHandler                       0x080001e3   Thumb Code     0  startup_stm32f103xb.o(.text)
    FLASH_IRQHandler                         0x080001e3   Thumb Code     0  startup_stm32f103xb.o(.text)
    I2C1_ER_IRQHandler                       0x080001e3   Thumb Code     0  startup_stm32f103xb.o(.text)
    I2C1_EV_IRQHandler                       0x080001e3   Thumb Code     0  startup_stm32f103xb.o(.text)
    I2C2_ER_IRQHandler                       0x080001e3   Thumb Code     0  startup_stm32f103xb.o(.text)
    I2C2_EV_IRQHandler                       0x080001e3   Thumb Code     0  startup_stm32f103xb.o(.text)
    PVD_IRQHandler                           0x080001e3   Thumb Code     0  startup_stm32f103xb.o(.text)
    RCC_IRQHandler                           0x080001e3   Thumb Code     0  startup_stm32f103xb.o(.text)
    RTC_Alarm_IRQHandler                     0x080001e3   Thumb Code     0  startup_stm32f103xb.o(.text)
    RTC_IRQHandler                           0x080001e3   Thumb Code     0  startup_stm32f103xb.o(.text)
    SPI1_IRQHandler                          0x080001e3   Thumb Code     0  startup_stm32f103xb.o(.text)
    SPI2_IRQHandler                          0x080001e3   Thumb Code     0  startup_stm32f103xb.o(.text)
    TAMPER_IRQHandler                        0x080001e3   Thumb Code     0  startup_stm32f103xb.o(.text)
    TIM1_BRK_IRQHandler                      0x080001e3   Thumb Code     0  startup_stm32f103xb.o(.text)
    TIM1_CC_IRQHandler                       0x080001e3   Thumb Code     0  startup_stm32f103xb.o(.text)
    TIM1_TRG_COM_IRQHandler                  0x080001e3   Thumb Code     0  startup_stm32f103xb.o(.text)
    TIM1_UP_IRQHandler                       0x080001e3   Thumb Code     0  startup_stm32f103xb.o(.text)
    TIM2_IRQHandler                          0x080001e3   Thumb Code     0  startup_stm32f103xb.o(.text)
    USART2_IRQHandler                        0x080001e3   Thumb Code     0  startup_stm32f103xb.o(.text)
    USART3_IRQHandler                        0x080001e3   Thumb Code     0  startup_stm32f103xb.o(.text)
    USBWakeUp_IRQHandler                     0x080001e3   Thumb Code     0  startup_stm32f103xb.o(.text)
    WWDG_IRQHandler                          0x080001e3   Thumb Code     0  startup_stm32f103xb.o(.text)
    __user_initial_stackheap                 0x080001e5   Thumb Code     0  startup_stm32f103xb.o(.text)
    sample_function                          0x08000209   Thumb Code   116  asm_getdata.o(.text)
    strlen                                   0x0800029d   Thumb Code    62  strlen.o(.text)
    __aeabi_memclr4                          0x080002db   Thumb Code     0  rt_memclr_w.o(.text)
    __aeabi_memclr8                          0x080002db   Thumb Code     0  rt_memclr_w.o(.text)
    __rt_memclr_w                            0x080002db   Thumb Code    78  rt_memclr_w.o(.text)
    _memset_w                                0x080002df   Thumb Code     0  rt_memclr_w.o(.text)
    __use_two_region_memory                  0x08000329   Thumb Code     2  heapauxi.o(.text)
    __rt_heap_escrow$2region                 0x0800032b   Thumb Code     2  heapauxi.o(.text)
    __rt_heap_expand$2region                 0x0800032d   Thumb Code     2  heapauxi.o(.text)
    __user_setup_stackheap                   0x0800032f   Thumb Code    74  sys_stackheap_outer.o(.text)
    exit                                     0x08000379   Thumb Code    18  exit.o(.text)
    __user_libspace                          0x0800038d   Thumb Code     8  libspace.o(.text)
    __user_perproc_libspace                  0x0800038d   Thumb Code     0  libspace.o(.text)
    __user_perthread_libspace                0x0800038d   Thumb Code     0  libspace.o(.text)
    _sys_exit                                0x08000395   Thumb Code     8  sys_exit.o(.text)
    __I$use$semihosting                      0x080003a1   Thumb Code     0  use_no_semi.o(.text)
    __use_no_semihosting_swi                 0x080003a1   Thumb Code     2  use_no_semi.o(.text)
    BusFault_Handler                         0x080003a3   Thumb Code     2  stm32f1xx_it.o(i.BusFault_Handler)
    __semihosting_library_function           0x080003a3   Thumb Code     0  indicate_semi.o(.text)
    CDC_Transmit_FS                          0x0800040d   Thumb Code    40  usbd_cdc_if.o(i.CDC_Transmit_FS)
    Circle_Buf_Init                          0x08000439   Thumb Code    12  circle_buffer.o(i.Circle_Buf_Init)
    Circle_Buf_Read                          0x08000445   Thumb Code    40  circle_buffer.o(i.Circle_Buf_Read)
    Circle_Buf_Write                         0x0800046d   Thumb Code    50  circle_buffer.o(i.Circle_Buf_Write)
    DMA1_Channel4_IRQHandler                 0x080004a9   Thumb Code     6  stm32f1xx_it.o(i.DMA1_Channel4_IRQHandler)
    DMA1_Channel5_IRQHandler                 0x080004b5   Thumb Code     6  stm32f1xx_it.o(i.DMA1_Channel5_IRQHandler)
    DebugMon_Handler                         0x080004eb   Thumb Code     2  stm32f1xx_it.o(i.DebugMon_Handler)
    Disable_TickIRQ                          0x080004ed   Thumb Code     6  driver_timer.o(i.Disable_TickIRQ)
    Enable_TickIRQ                           0x080004f3   Thumb Code     6  driver_timer.o(i.Enable_TickIRQ)
    Error_Handler                            0x080004f9   Thumb Code     4  main.o(i.Error_Handler)
    HAL_DMA_Abort                            0x08000535   Thumb Code    70  stm32f1xx_hal_dma.o(i.HAL_DMA_Abort)
    HAL_DMA_Abort_IT                         0x0800057d   Thumb Code   148  stm32f1xx_hal_dma.o(i.HAL_DMA_Abort_IT)
    HAL_DMA_IRQHandler                       0x08000615   Thumb Code   316  stm32f1xx_hal_dma.o(i.HAL_DMA_IRQHandler)
    HAL_DMA_Init                             0x08000769   Thumb Code    84  stm32f1xx_hal_dma.o(i.HAL_DMA_Init)
    HAL_DMA_Start_IT                         0x080007c5   Thumb Code   112  stm32f1xx_hal_dma.o(i.HAL_DMA_Start_IT)
    HAL_GPIO_Init                            0x08000835   Thumb Code   446  stm32f1xx_hal_gpio.o(i.HAL_GPIO_Init)
    HAL_GPIO_WritePin                        0x08000a15   Thumb Code    10  stm32f1xx_hal_gpio.o(i.HAL_GPIO_WritePin)
    HAL_GetTick                              0x08000a21   Thumb Code     6  stm32f1xx_hal.o(i.HAL_GetTick)
    HAL_IncTick                              0x08000a2d   Thumb Code    12  stm32f1xx_hal.o(i.HAL_IncTick)
    HAL_Init                                 0x08000a3d   Thumb Code    32  stm32f1xx_hal.o(i.HAL_Init)
    HAL_InitTick                             0x08000a61   Thumb Code   132  stm32f1xx_hal_timebase_tim.o(i.HAL_InitTick)
    HAL_MspInit                              0x08000af9   Thumb Code    52  stm32f1xx_hal_msp.o(i.HAL_MspInit)
    HAL_NVIC_DisableIRQ                      0x08000b35   Thumb Code    34  stm32f1xx_hal_cortex.o(i.HAL_NVIC_DisableIRQ)
    HAL_NVIC_EnableIRQ                       0x08000b57   Thumb Code    26  stm32f1xx_hal_cortex.o(i.HAL_NVIC_EnableIRQ)
    HAL_NVIC_SetPriority                     0x08000b71   Thumb Code    60  stm32f1xx_hal_cortex.o(i.HAL_NVIC_SetPriority)
    HAL_NVIC_SetPriorityGrouping             0x08000bb1   Thumb Code    26  stm32f1xx_hal_cortex.o(i.HAL_NVIC_SetPriorityGrouping)
    HAL_PCDEx_PMAConfig                      0x08000bd5   Thumb Code    60  stm32f1xx_hal_pcd_ex.o(i.HAL_PCDEx_PMAConfig)
    HAL_PCDEx_SetConnectionState             0x08000c11   Thumb Code     2  usbd_conf.o(i.HAL_PCDEx_SetConnectionState)
    HAL_PCD_DataInStageCallback              0x08000c13   Thumb Code    18  usbd_conf.o(i.HAL_PCD_DataInStageCallback)
    HAL_PCD_DataOutStageCallback             0x08000c25   Thumb Code    20  usbd_conf.o(i.HAL_PCD_DataOutStageCallback)
    HAL_PCD_EP_Close                         0x08000c39   Thumb Code    74  stm32f1xx_hal_pcd.o(i.HAL_PCD_EP_Close)
    HAL_PCD_EP_ClrStall                      0x08000c83   Thumb Code    90  stm32f1xx_hal_pcd.o(i.HAL_PCD_EP_ClrStall)
    HAL_PCD_EP_GetRxCount                    0x080010fb   Thumb Code    18  stm32f1xx_hal_pcd.o(i.HAL_PCD_EP_GetRxCount)
    HAL_PCD_EP_Open                          0x0800110d   Thumb Code    88  stm32f1xx_hal_pcd.o(i.HAL_PCD_EP_Open)
    HAL_PCD_EP_Receive                       0x08001165   Thumb Code    46  stm32f1xx_hal_pcd.o(i.HAL_PCD_EP_Receive)
    HAL_PCD_EP_SetStall                      0x08001193   Thumb Code   112  stm32f1xx_hal_pcd.o(i.HAL_PCD_EP_SetStall)
    HAL_PCD_EP_Transmit                      0x08001203   Thumb Code    46  stm32f1xx_hal_pcd.o(i.HAL_PCD_EP_Transmit)
    HAL_PCD_IRQHandler                       0x08001231   Thumb Code   308  stm32f1xx_hal_pcd.o(i.HAL_PCD_IRQHandler)
    HAL_PCD_Init                             0x08001365   Thumb Code   186  stm32f1xx_hal_pcd.o(i.HAL_PCD_Init)
    HAL_PCD_MspInit                          0x08001421   Thumb Code    70  usbd_conf.o(i.HAL_PCD_MspInit)
    HAL_PCD_ResetCallback                    0x0800146d   Thumb Code    38  usbd_conf.o(i.HAL_PCD_ResetCallback)
    HAL_PCD_ResumeCallback                   0x08001493   Thumb Code     8  usbd_conf.o(i.HAL_PCD_ResumeCallback)
    HAL_PCD_SOFCallback                      0x0800149b   Thumb Code     8  usbd_conf.o(i.HAL_PCD_SOFCallback)
    HAL_PCD_SetAddress                       0x080014a3   Thumb Code    38  stm32f1xx_hal_pcd.o(i.HAL_PCD_SetAddress)
    HAL_PCD_SetupStageCallback               0x080014c9   Thumb Code    14  usbd_conf.o(i.HAL_PCD_SetupStageCallback)
    HAL_PCD_Start                            0x080014d7   Thumb Code    50  stm32f1xx_hal_pcd.o(i.HAL_PCD_Start)
    HAL_PCD_SuspendCallback                  0x08001509   Thumb Code    30  usbd_conf.o(i.HAL_PCD_SuspendCallback)
    HAL_RCCEx_PeriphCLKConfig                0x0800152d   Thumb Code   224  stm32f1xx_hal_rcc_ex.o(i.HAL_RCCEx_PeriphCLKConfig)
    HAL_RCC_ClockConfig                      0x08001619   Thumb Code   280  stm32f1xx_hal_rcc.o(i.HAL_RCC_ClockConfig)
    HAL_RCC_GetClockConfig                   0x08001745   Thumb Code    54  stm32f1xx_hal_rcc.o(i.HAL_RCC_GetClockConfig)
    HAL_RCC_GetPCLK1Freq                     0x08001785   Thumb Code    20  stm32f1xx_hal_rcc.o(i.HAL_RCC_GetPCLK1Freq)
    HAL_RCC_GetPCLK2Freq                     0x080017a5   Thumb Code    20  stm32f1xx_hal_rcc.o(i.HAL_RCC_GetPCLK2Freq)
    HAL_RCC_GetSysClockFreq                  0x080017c5   Thumb Code    58  stm32f1xx_hal_rcc.o(i.HAL_RCC_GetSysClockFreq)
    HAL_RCC_OscConfig                        0x08001811   Thumb Code   778  stm32f1xx_hal_rcc.o(i.HAL_RCC_OscConfig)
    HAL_TIMEx_BreakCallback                  0x08001b31   Thumb Code     2  stm32f1xx_hal_tim_ex.o(i.HAL_TIMEx_BreakCallback)
    HAL_TIMEx_CommutCallback                 0x08001b33   Thumb Code     2  stm32f1xx_hal_tim_ex.o(i.HAL_TIMEx_CommutCallback)
    HAL_TIMEx_MasterConfigSynchronization    0x08001b35   Thumb Code    92  stm32f1xx_hal_tim_ex.o(i.HAL_TIMEx_MasterConfigSynchronization)
    HAL_TIM_Base_Init                        0x08001b9d   Thumb Code    90  stm32f1xx_hal_tim.o(i.HAL_TIM_Base_Init)
    HAL_TIM_Base_MspInit                     0x08001bf9   Thumb Code    72  tim.o(i.HAL_TIM_Base_MspInit)
    HAL_TIM_Base_Start_IT                    0x08001c49   Thumb Code    76  stm32f1xx_hal_tim.o(i.HAL_TIM_Base_Start_IT)
    HAL_TIM_ConfigClockSource                0x08001ca1   Thumb Code   220  stm32f1xx_hal_tim.o(i.HAL_TIM_ConfigClockSource)
    HAL_TIM_IC_CaptureCallback               0x08001d7d   Thumb Code     2  stm32f1xx_hal_tim.o(i.HAL_TIM_IC_CaptureCallback)
    HAL_TIM_IRQHandler                       0x08001d7f   Thumb Code   304  stm32f1xx_hal_tim.o(i.HAL_TIM_IRQHandler)
    HAL_TIM_MspPostInit                      0x08001eb1   Thumb Code    62  tim.o(i.HAL_TIM_MspPostInit)
    HAL_TIM_OC_DelayElapsedCallback          0x08001efd   Thumb Code     2  stm32f1xx_hal_tim.o(i.HAL_TIM_OC_DelayElapsedCallback)
    HAL_TIM_PWM_ConfigChannel                0x08001eff   Thumb Code   204  stm32f1xx_hal_tim.o(i.HAL_TIM_PWM_ConfigChannel)
    HAL_TIM_PWM_Init                         0x08001fcb   Thumb Code    90  stm32f1xx_hal_tim.o(i.HAL_TIM_PWM_Init)
    HAL_TIM_PWM_MspInit                      0x08002025   Thumb Code     2  stm32f1xx_hal_tim.o(i.HAL_TIM_PWM_MspInit)
    HAL_TIM_PWM_PulseFinishedCallback        0x08002027   Thumb Code     2  stm32f1xx_hal_tim.o(i.HAL_TIM_PWM_PulseFinishedCallback)
    HAL_TIM_PWM_Start                        0x08002029   Thumb Code   144  stm32f1xx_hal_tim.o(i.HAL_TIM_PWM_Start)
    HAL_TIM_PeriodElapsedCallback            0x080020c5   Thumb Code    14  main.o(i.HAL_TIM_PeriodElapsedCallback)
    HAL_TIM_TriggerCallback                  0x080020d9   Thumb Code     2  stm32f1xx_hal_tim.o(i.HAL_TIM_TriggerCallback)
    HAL_UARTEx_ReceiveToIdle_DMA             0x080020db   Thumb Code    74  stm32f1xx_hal_uart.o(i.HAL_UARTEx_ReceiveToIdle_DMA)
    HAL_UARTEx_RxEventCallback               0x08002125   Thumb Code    68  la_sump.o(i.HAL_UARTEx_RxEventCallback)
    HAL_UART_ErrorCallback                   0x08002179   Thumb Code     2  stm32f1xx_hal_uart.o(i.HAL_UART_ErrorCallback)
    HAL_UART_GetState                        0x0800217b   Thumb Code    10  stm32f1xx_hal_uart.o(i.HAL_UART_GetState)
    HAL_UART_IRQHandler                      0x08002185   Thumb Code   616  stm32f1xx_hal_uart.o(i.HAL_UART_IRQHandler)
    HAL_UART_Init                            0x080023f1   Thumb Code   100  stm32f1xx_hal_uart.o(i.HAL_UART_Init)
    HAL_UART_MspInit                         0x08002455   Thumb Code   198  usart.o(i.HAL_UART_MspInit)
    HAL_UART_RxCpltCallback                  0x08002531   Thumb Code     2  stm32f1xx_hal_uart.o(i.HAL_UART_RxCpltCallback)
    HAL_UART_RxHalfCpltCallback              0x08002533   Thumb Code     2  stm32f1xx_hal_uart.o(i.HAL_UART_RxHalfCpltCallback)
    HAL_UART_TxCpltCallback                  0x08002535   Thumb Code     2  stm32f1xx_hal_uart.o(i.HAL_UART_TxCpltCallback)
    HardFault_Handler                        0x08002537   Thumb Code     2  stm32f1xx_it.o(i.HardFault_Handler)
    LA_Init                                  0x08002579   Thumb Code    10  la_sump.o(i.LA_Init)
    LogicalAnalyser                          0x0800258d   Thumb Code   476  la_sump.o(i.LogicalAnalyser)
    MX_DMA_Init                              0x0800278d   Thumb Code    56  dma.o(i.MX_DMA_Init)
    MX_GPIO_Init                             0x080027c9   Thumb Code   188  gpio.o(i.MX_GPIO_Init)
    MX_TIM2_Init                             0x08002895   Thumb Code    98  tim.o(i.MX_TIM2_Init)
    MX_TIM3_Init                             0x080028fd   Thumb Code   148  tim.o(i.MX_TIM3_Init)
    MX_USART1_UART_Init                      0x08002999   Thumb Code    48  usart.o(i.MX_USART1_UART_Init)
    MX_USB_DEVICE_Init                       0x080029d1   Thumb Code    66  usb_device.o(i.MX_USB_DEVICE_Init)
    MemManage_Handler                        0x08002a25   Thumb Code     2  stm32f1xx_it.o(i.MemManage_Handler)
    NMI_Handler                              0x08002a27   Thumb Code     2  stm32f1xx_it.o(i.NMI_Handler)
    PendSV_Handler                           0x08002dcf   Thumb Code     2  stm32f1xx_it.o(i.PendSV_Handler)
    SVC_Handler                              0x08002dd1   Thumb Code     2  stm32f1xx_it.o(i.SVC_Handler)
    SysTick_Handler                          0x08002dd3   Thumb Code     2  stm32f1xx_it.o(i.SysTick_Handler)
    SystemClock_Config                       0x08002dd5   Thumb Code   118  main.o(i.SystemClock_Config)
    SystemInit                               0x08002e4b   Thumb Code     2  system_stm32f1xx.o(i.SystemInit)
    TIM3_IRQHandler                          0x08002e4d   Thumb Code     6  stm32f1xx_it.o(i.TIM3_IRQHandler)
    TIM4_IRQHandler                          0x08002e59   Thumb Code     6  stm32f1xx_it.o(i.TIM4_IRQHandler)
    TIM_Base_SetConfig                       0x08002e65   Thumb Code   108  stm32f1xx_hal_tim.o(i.TIM_Base_SetConfig)
    TIM_CCxChannelCmd                        0x08002edd   Thumb Code    26  stm32f1xx_hal_tim.o(i.TIM_CCxChannelCmd)
    TIM_ETR_SetConfig                        0x08002ef7   Thumb Code    20  stm32f1xx_hal_tim.o(i.TIM_ETR_SetConfig)
    TIM_OC2_SetConfig                        0x08002f6d   Thumb Code    84  stm32f1xx_hal_tim.o(i.TIM_OC2_SetConfig)
    UARTGetCharTimeout                       0x080030a9   Thumb Code    36  circle_buffer.o(i.UARTGetCharTimeout)
    UART_Start_Receive_DMA                   0x080033b5   Thumb Code   130  stm32f1xx_hal_uart.o(i.UART_Start_Receive_DMA)
    USART1_IRQHandler                        0x08003445   Thumb Code     6  stm32f1xx_it.o(i.USART1_IRQHandler)
    USBD_CDC_GetDeviceQualifierDescriptor    0x0800353d   Thumb Code     8  usbd_cdc.o(i.USBD_CDC_GetDeviceQualifierDescriptor)
    USBD_CDC_ReceivePacket                   0x08003619   Thumb Code    50  usbd_cdc.o(i.USBD_CDC_ReceivePacket)
    USBD_CDC_RegisterInterface               0x0800364b   Thumb Code    16  usbd_cdc.o(i.USBD_CDC_RegisterInterface)
    USBD_CDC_SetRxBuffer                     0x0800365b   Thumb Code    12  usbd_cdc.o(i.USBD_CDC_SetRxBuffer)
    USBD_CDC_SetTxBuffer                     0x08003667   Thumb Code    16  usbd_cdc.o(i.USBD_CDC_SetTxBuffer)
    USBD_CDC_TransmitPacket                  0x0800375d   Thumb Code    56  usbd_cdc.o(i.USBD_CDC_TransmitPacket)
    USBD_ClrClassConfig                      0x08003795   Thumb Code    14  usbd_core.o(i.USBD_ClrClassConfig)
    USBD_CtlContinueRx                       0x080037c9   Thumb Code    16  usbd_ioreq.o(i.USBD_CtlContinueRx)
    USBD_CtlContinueSendData                 0x080037d9   Thumb Code    16  usbd_ioreq.o(i.USBD_CtlContinueSendData)
    USBD_CtlError                            0x080037e9   Thumb Code    24  usbd_ctlreq.o(i.USBD_CtlError)
    USBD_CtlPrepareRx                        0x08003801   Thumb Code    30  usbd_ioreq.o(i.USBD_CtlPrepareRx)
    USBD_CtlReceiveStatus                    0x0800381f   Thumb Code    22  usbd_ioreq.o(i.USBD_CtlReceiveStatus)
    USBD_CtlSendData                         0x08003835   Thumb Code    26  usbd_ioreq.o(i.USBD_CtlSendData)
    USBD_CtlSendStatus                       0x0800384f   Thumb Code    22  usbd_ioreq.o(i.USBD_CtlSendStatus)
    USBD_FS_ConfigStrDescriptor              0x08003865   Thumb Code    32  usbd_desc.o(i.USBD_FS_ConfigStrDescriptor)
    USBD_FS_DeviceDescriptor                 0x08003895   Thumb Code     8  usbd_desc.o(i.USBD_FS_DeviceDescriptor)
    USBD_FS_InterfaceStrDescriptor           0x080038a1   Thumb Code    32  usbd_desc.o(i.USBD_FS_InterfaceStrDescriptor)
    USBD_FS_LangIDStrDescriptor              0x080038d5   Thumb Code     8  usbd_desc.o(i.USBD_FS_LangIDStrDescriptor)
    USBD_FS_ManufacturerStrDescriptor        0x080038e1   Thumb Code    16  usbd_desc.o(i.USBD_FS_ManufacturerStrDescriptor)
    USBD_FS_ProductStrDescriptor             0x08003909   Thumb Code    32  usbd_desc.o(i.USBD_FS_ProductStrDescriptor)
    USBD_FS_SerialStrDescriptor              0x08003945   Thumb Code    14  usbd_desc.o(i.USBD_FS_SerialStrDescriptor)
    USBD_GetString                           0x08003b85   Thumb Code    68  usbd_ctlreq.o(i.USBD_GetString)
    USBD_Init                                0x08003bed   Thumb Code    44  usbd_core.o(i.USBD_Init)
    USBD_LL_ClearStallEP                     0x08003c19   Thumb Code    18  usbd_conf.o(i.USBD_LL_ClearStallEP)
    USBD_LL_CloseEP                          0x08003c2b   Thumb Code    18  usbd_conf.o(i.USBD_LL_CloseEP)
    USBD_LL_DataInStage                      0x08003c3d   Thumb Code   214  usbd_core.o(i.USBD_LL_DataInStage)
    USBD_LL_DataOutStage                     0x08003d13   Thumb Code   138  usbd_core.o(i.USBD_LL_DataOutStage)
    USBD_LL_GetRxDataSize                    0x08003d9d   Thumb Code     8  usbd_conf.o(i.USBD_LL_GetRxDataSize)
    USBD_LL_Init                             0x08003da5   Thumb Code   122  usbd_conf.o(i.USBD_LL_Init)
    USBD_LL_IsStallEP                        0x08003e29   Thumb Code    32  usbd_conf.o(i.USBD_LL_IsStallEP)
    USBD_LL_OpenEP                           0x08003e49   Thumb Code    24  usbd_conf.o(i.USBD_LL_OpenEP)
    USBD_LL_PrepareReceive                   0x08003e61   Thumb Code    18  usbd_conf.o(i.USBD_LL_PrepareReceive)
    USBD_LL_Reset                            0x08003e73   Thumb Code    82  usbd_core.o(i.USBD_LL_Reset)
    USBD_LL_Resume                           0x08003ec5   Thumb Code    20  usbd_core.o(i.USBD_LL_Resume)
    USBD_LL_SOF                              0x08003ed9   Thumb Code    24  usbd_core.o(i.USBD_LL_SOF)
    USBD_LL_SetSpeed                         0x08003ef1   Thumb Code     6  usbd_core.o(i.USBD_LL_SetSpeed)
    USBD_LL_SetUSBAddress                    0x08003ef7   Thumb Code    18  usbd_conf.o(i.USBD_LL_SetUSBAddress)
    USBD_LL_SetupStage                       0x08003f09   Thumb Code    94  usbd_core.o(i.USBD_LL_SetupStage)
    USBD_LL_StallEP                          0x08003f67   Thumb Code    18  usbd_conf.o(i.USBD_LL_StallEP)
    USBD_LL_Start                            0x08003f79   Thumb Code    18  usbd_conf.o(i.USBD_LL_Start)
    USBD_LL_Suspend                          0x08003f8b   Thumb Code    18  usbd_core.o(i.USBD_LL_Suspend)
    USBD_LL_Transmit                         0x08003f9d   Thumb Code    18  usbd_conf.o(i.USBD_LL_Transmit)
    USBD_ParseSetupRequest                   0x08003faf   Thumb Code    40  usbd_ctlreq.o(i.USBD_ParseSetupRequest)
    USBD_RegisterClass                       0x08003fd7   Thumb Code    18  usbd_core.o(i.USBD_RegisterClass)
    USBD_RunTestMode                         0x08003fe9   Thumb Code     4  usbd_core.o(i.USBD_RunTestMode)
    USBD_SetClassConfig                      0x08004045   Thumb Code    24  usbd_core.o(i.USBD_SetClassConfig)
    USBD_Start                               0x08004139   Thumb Code    10  usbd_core.o(i.USBD_Start)
    USBD_StdDevReq                           0x08004143   Thumb Code   128  usbd_ctlreq.o(i.USBD_StdDevReq)
    USBD_StdEPReq                            0x080041c3   Thumb Code   496  usbd_ctlreq.o(i.USBD_StdEPReq)
    USBD_StdItfReq                           0x080043b3   Thumb Code   106  usbd_ctlreq.o(i.USBD_StdItfReq)
    USBD_static_free                         0x0800441d   Thumb Code     2  usbd_conf.o(i.USBD_static_free)
    USBD_static_malloc                       0x08004421   Thumb Code     4  usbd_conf.o(i.USBD_static_malloc)
    USB_ActivateEndpoint                     0x08004429   Thumb Code   668  stm32f1xx_ll_usb.o(i.USB_ActivateEndpoint)
    USB_CoreInit                             0x080046c5   Thumb Code     4  stm32f1xx_ll_usb.o(i.USB_CoreInit)
    USB_DeactivateEndpoint                   0x080046c9   Thumb Code   270  stm32f1xx_ll_usb.o(i.USB_DeactivateEndpoint)
    USB_DevConnect                           0x080047d7   Thumb Code     4  stm32f1xx_ll_usb.o(i.USB_DevConnect)
    USB_DevDisconnect                        0x080047db   Thumb Code     4  stm32f1xx_ll_usb.o(i.USB_DevDisconnect)
    USB_DevInit                              0x080047df   Thumb Code    18  stm32f1xx_ll_usb.o(i.USB_DevInit)
    USB_DisableGlobalInt                     0x080047f1   Thumb Code    14  stm32f1xx_ll_usb.o(i.USB_DisableGlobalInt)
    USB_EP0_OutStart                         0x080047ff   Thumb Code     4  stm32f1xx_ll_usb.o(i.USB_EP0_OutStart)
    USB_EPClearStall                         0x08004803   Thumb Code   120  stm32f1xx_ll_usb.o(i.USB_EPClearStall)
    USB_EPSetStall                           0x0800487b   Thumb Code    50  stm32f1xx_ll_usb.o(i.USB_EPSetStall)
    USB_EPStartXfer                          0x080048ad   Thumb Code  1250  stm32f1xx_ll_usb.o(i.USB_EPStartXfer)
    USB_EnableGlobalInt                      0x08004d8f   Thumb Code    18  stm32f1xx_ll_usb.o(i.USB_EnableGlobalInt)
    USB_HP_CAN1_TX_IRQHandler                0x08004da1   Thumb Code     6  stm32f1xx_it.o(i.USB_HP_CAN1_TX_IRQHandler)
    USB_LP_CAN1_RX0_IRQHandler               0x08004dad   Thumb Code     6  stm32f1xx_it.o(i.USB_LP_CAN1_RX0_IRQHandler)
    USB_ReadInterrupts                       0x08004db9   Thumb Code     6  stm32f1xx_ll_usb.o(i.USB_ReadInterrupts)
    USB_ReadPMA                              0x08004dc1   Thumb Code    44  stm32f1xx_ll_usb.o(i.USB_ReadPMA)
    USB_SetCurrentMode                       0x08004ded   Thumb Code     4  stm32f1xx_ll_usb.o(i.USB_SetCurrentMode)
    USB_SetDevAddress                        0x08004df1   Thumb Code    12  stm32f1xx_ll_usb.o(i.USB_SetDevAddress)
    USB_WritePMA                             0x08004dfd   Thumb Code    38  stm32f1xx_ll_usb.o(i.USB_WritePMA)
    UsageFault_Handler                       0x08004e23   Thumb Code     2  stm32f1xx_it.o(i.UsageFault_Handler)
    main                                     0x08004e45   Thumb Code    60  main.o(i.main)
    mdelay                                   0x08004e8d   Thumb Code    26  driver_timer.o(i.mdelay)
    uart_send                                0x08004fad   Thumb Code     4  la_sump.o(i.uart_send)
    udelay                                   0x08004fb1   Thumb Code    52  driver_timer.o(i.udelay)
    usb_send                                 0x08005115   Thumb Code    52  usbd_cdc_if.o(i.usb_send)
    AHBPrescTable                            0x0800515e   Data          16  system_stm32f1xx.o(.constdata)
    APBPrescTable                            0x0800516e   Data           8  system_stm32f1xx.o(.constdata)
    Region$$Table$$Base                      0x08005178   Number         0  anon$$obj.o(Region$$Table)
    Region$$Table$$Limit                     0x08005198   Number         0  anon$$obj.o(Region$$Table)
    uwTickFreq                               0x20000000   Data           1  stm32f1xx_hal.o(.data)
    uwTickPrio                               0x20000004   Data           4  stm32f1xx_hal.o(.data)
    uwTick                                   0x20000008   Data           4  stm32f1xx_hal.o(.data)
    SystemCoreClock                          0x2000000c   Data           4  system_stm32f1xx.o(.data)
    get_stop_cmd                             0x20000010   Data           4  circle_buffer.o(.data)
    g_cur_pos                                0x2000002c   Data           4  la_sump.o(.data)
    g_cur_sample_cnt                         0x20000030   Data           4  la_sump.o(.data)
    g_convreted_sample_count                 0x2000003c   Data           4  la_sump.o(.data)
    FS_Desc                                  0x20000044   Data          28  usbd_desc.o(.data)
    USBD_LangIDDesc                          0x20000060   Data           4  usbd_desc.o(.data)
    USBD_FS_DeviceDesc                       0x20000064   Data          18  usbd_desc.o(.data)
    USBD_StringSerial                        0x20000078   Data          26  usbd_desc.o(.data)
    USBD_Interface_fops_FS                   0x20000094   Data          16  usbd_cdc_if.o(.data)
    USBD_CDC_CfgHSDesc                       0x200000b4   Data          67  usbd_cdc.o(.data)
    USBD_CDC_CfgFSDesc                       0x200000f8   Data          67  usbd_cdc.o(.data)
    USBD_CDC_OtherSpeedCfgDesc               0x2000013c   Data          67  usbd_cdc.o(.data)
    USBD_CDC                                 0x20000180   Data          56  usbd_cdc.o(.data)
    htim2                                    0x200001b8   Data          72  tim.o(.bss)
    htim3                                    0x20000200   Data          72  tim.o(.bss)
    huart1                                   0x20000248   Data          72  usart.o(.bss)
    hdma_usart1_rx                           0x20000290   Data          68  usart.o(.bss)
    hdma_usart1_tx                           0x200002d4   Data          68  usart.o(.bss)
    htim4                                    0x20000318   Data          72  stm32f1xx_hal_timebase_tim.o(.bss)
    g_RecvBuf                                0x20000360   Data         100  circle_buffer.o(.bss)
    g_uart_rx_bufs                           0x200003c4   Data          16  circle_buffer.o(.bss)
    g_rxdata_buf                             0x20000414   Data        1024  la_sump.o(.bss)
    g_rxcnt_buf                              0x20000814   Data        4096  la_sump.o(.bss)
    hUsbDeviceFS                             0x20001914   Data         708  usb_device.o(.bss)
    USBD_StrDesc                             0x20001bd8   Data         512  usbd_desc.o(.bss)
    UserRxBufferFS                           0x20001dd8   Data        1024  usbd_cdc_if.o(.bss)
    UserTxBufferFS                           0x200021d8   Data        1024  usbd_cdc_if.o(.bss)
    hpcd_USB_FS                              0x200027f8   Data         728  usbd_conf.o(.bss)
    __libspace_start                         0x20002ad0   Data          96  libspace.o(.bss)
    __temporary_stack_top$libspace           0x20002b30   Data           0  libspace.o(.bss)



==============================================================================

Memory Map of the image

  Image Entry point : 0x080000ed

  Load Region LR_IROM1 (Base: 0x08000000, Size: 0x00005350, Max: 0x00010000, ABSOLUTE, COMPRESSED[0x0000525c])

    Execution Region ER_IROM1 (Exec base: 0x08000000, Load base: 0x08000000, Size: 0x00005198, Max: 0x00010000, ABSOLUTE)

    Exec Addr    Load Addr    Size         Type   Attr      Idx    E Section Name        Object

    0x08000000   0x08000000   0x000000ec   Data   RO            3    RESET               startup_stm32f103xb.o
    0x080000ec   0x080000ec   0x00000008   Code   RO         4399  * !!!main             c_w.l(__main.o)
    0x080000f4   0x080000f4   0x00000034   Code   RO         4568    !!!scatter          c_w.l(__scatter.o)
    0x08000128   0x08000128   0x0000005a   Code   RO         4566    !!dczerorl2         c_w.l(__dczerorl2.o)
    0x08000182   0x08000182   0x00000002   PAD
    0x08000184   0x08000184   0x0000001c   Code   RO         4570    !!handler_zi        c_w.l(__scatter_zi.o)
    0x080001a0   0x080001a0   0x00000002   Code   RO         4436    .ARM.Collect$$libinit$$00000000  c_w.l(libinit.o)
    0x080001a2   0x080001a2   0x00000000   Code   RO         4449    .ARM.Collect$$libinit$$00000002  c_w.l(libinit2.o)
    0x080001a2   0x080001a2   0x00000000   Code   RO         4451    .ARM.Collect$$libinit$$00000004  c_w.l(libinit2.o)
    0x080001a2   0x080001a2   0x00000000   Code   RO         4454    .ARM.Collect$$libinit$$0000000A  c_w.l(libinit2.o)
    0x080001a2   0x080001a2   0x00000000   Code   RO         4456    .ARM.Collect$$libinit$$0000000C  c_w.l(libinit2.o)
    0x080001a2   0x080001a2   0x00000000   Code   RO         4458    .ARM.Collect$$libinit$$0000000E  c_w.l(libinit2.o)
    0x080001a2   0x080001a2   0x00000000   Code   RO         4461    .ARM.Collect$$libinit$$00000011  c_w.l(libinit2.o)
    0x080001a2   0x080001a2   0x00000000   Code   RO         4463    .ARM.Collect$$libinit$$00000013  c_w.l(libinit2.o)
    0x080001a2   0x080001a2   0x00000000   Code   RO         4465    .ARM.Collect$$libinit$$00000015  c_w.l(libinit2.o)
    0x080001a2   0x080001a2   0x00000000   Code   RO         4467    .ARM.Collect$$libinit$$00000017  c_w.l(libinit2.o)
    0x080001a2   0x080001a2   0x00000000   Code   RO         4469    .ARM.Collect$$libinit$$00000019  c_w.l(libinit2.o)
    0x080001a2   0x080001a2   0x00000000   Code   RO         4471    .ARM.Collect$$libinit$$0000001B  c_w.l(libinit2.o)
    0x080001a2   0x080001a2   0x00000000   Code   RO         4473    .ARM.Collect$$libinit$$0000001D  c_w.l(libinit2.o)
    0x080001a2   0x080001a2   0x00000000   Code   RO         4475    .ARM.Collect$$libinit$$0000001F  c_w.l(libinit2.o)
    0x080001a2   0x080001a2   0x00000000   Code   RO         4477    .ARM.Collect$$libinit$$00000021  c_w.l(libinit2.o)
    0x080001a2   0x080001a2   0x00000000   Code   RO         4479    .ARM.Collect$$libinit$$00000023  c_w.l(libinit2.o)
    0x080001a2   0x080001a2   0x00000000   Code   RO         4481    .ARM.Collect$$libinit$$00000025  c_w.l(libinit2.o)
    0x080001a2   0x080001a2   0x00000000   Code   RO         4485    .ARM.Collect$$libinit$$0000002C  c_w.l(libinit2.o)
    0x080001a2   0x080001a2   0x00000000   Code   RO         4487    .ARM.Collect$$libinit$$0000002E  c_w.l(libinit2.o)
    0x080001a2   0x080001a2   0x00000000   Code   RO         4489    .ARM.Collect$$libinit$$00000030  c_w.l(libinit2.o)
    0x080001a2   0x080001a2   0x00000000   Code   RO         4491    .ARM.Collect$$libinit$$00000032  c_w.l(libinit2.o)
    0x080001a2   0x080001a2   0x00000002   Code   RO         4492    .ARM.Collect$$libinit$$00000033  c_w.l(libinit2.o)
    0x080001a4   0x080001a4   0x00000002   Code   RO         4523    .ARM.Collect$$libshutdown$$00000000  c_w.l(libshutdown.o)
    0x080001a6   0x080001a6   0x00000000   Code   RO         4549    .ARM.Collect$$libshutdown$$00000002  c_w.l(libshutdown2.o)
    0x080001a6   0x080001a6   0x00000000   Code   RO         4551    .ARM.Collect$$libshutdown$$00000004  c_w.l(libshutdown2.o)
    0x080001a6   0x080001a6   0x00000000   Code   RO         4554    .ARM.Collect$$libshutdown$$00000007  c_w.l(libshutdown2.o)
    0x080001a6   0x080001a6   0x00000000   Code   RO         4557    .ARM.Collect$$libshutdown$$0000000A  c_w.l(libshutdown2.o)
    0x080001a6   0x080001a6   0x00000000   Code   RO         4559    .ARM.Collect$$libshutdown$$0000000C  c_w.l(libshutdown2.o)
    0x080001a6   0x080001a6   0x00000000   Code   RO         4562    .ARM.Collect$$libshutdown$$0000000F  c_w.l(libshutdown2.o)
    0x080001a6   0x080001a6   0x00000002   Code   RO         4563    .ARM.Collect$$libshutdown$$00000010  c_w.l(libshutdown2.o)
    0x080001a8   0x080001a8   0x00000000   Code   RO         4401    .ARM.Collect$$rtentry$$00000000  c_w.l(__rtentry.o)
    0x080001a8   0x080001a8   0x00000000   Code   RO         4407    .ARM.Collect$$rtentry$$00000002  c_w.l(__rtentry2.o)
    0x080001a8   0x080001a8   0x00000006   Code   RO         4419    .ARM.Collect$$rtentry$$00000004  c_w.l(__rtentry4.o)
    0x080001ae   0x080001ae   0x00000000   Code   RO         4409    .ARM.Collect$$rtentry$$00000009  c_w.l(__rtentry2.o)
    0x080001ae   0x080001ae   0x00000004   Code   RO         4410    .ARM.Collect$$rtentry$$0000000A  c_w.l(__rtentry2.o)
    0x080001b2   0x080001b2   0x00000000   Code   RO         4412    .ARM.Collect$$rtentry$$0000000C  c_w.l(__rtentry2.o)
    0x080001b2   0x080001b2   0x00000008   Code   RO         4413    .ARM.Collect$$rtentry$$0000000D  c_w.l(__rtentry2.o)
    0x080001ba   0x080001ba   0x00000002   Code   RO         4440    .ARM.Collect$$rtexit$$00000000  c_w.l(rtexit.o)
    0x080001bc   0x080001bc   0x00000000   Code   RO         4496    .ARM.Collect$$rtexit$$00000002  c_w.l(rtexit2.o)
    0x080001bc   0x080001bc   0x00000004   Code   RO         4497    .ARM.Collect$$rtexit$$00000003  c_w.l(rtexit2.o)
    0x080001c0   0x080001c0   0x00000006   Code   RO         4498    .ARM.Collect$$rtexit$$00000004  c_w.l(rtexit2.o)
    0x080001c6   0x080001c6   0x00000002   PAD
    0x080001c8   0x080001c8   0x00000040   Code   RO            4    .text               startup_stm32f103xb.o
    0x08000208   0x08000208   0x00000094   Code   RO         3524    .text               asm_getdata.o
    0x0800029c   0x0800029c   0x0000003e   Code   RO         4393    .text               c_w.l(strlen.o)
    0x080002da   0x080002da   0x0000004e   Code   RO         4395    .text               c_w.l(rt_memclr_w.o)
    0x08000328   0x08000328   0x00000006   Code   RO         4397    .text               c_w.l(heapauxi.o)
    0x0800032e   0x0800032e   0x0000004a   Code   RO         4423    .text               c_w.l(sys_stackheap_outer.o)
    0x08000378   0x08000378   0x00000012   Code   RO         4425    .text               c_w.l(exit.o)
    0x0800038a   0x0800038a   0x00000002   PAD
    0x0800038c   0x0800038c   0x00000008   Code   RO         4437    .text               c_w.l(libspace.o)
    0x08000394   0x08000394   0x0000000c   Code   RO         4493    .text               c_w.l(sys_exit.o)
    0x080003a0   0x080003a0   0x00000002   Code   RO         4512    .text               c_w.l(use_no_semi.o)
    0x080003a2   0x080003a2   0x00000000   Code   RO         4514    .text               c_w.l(indicate_semi.o)
    0x080003a2   0x080003a2   0x00000002   Code   RO          336    i.BusFault_Handler  stm32f1xx_it.o
    0x080003a4   0x080003a4   0x00000008   Code   RO         3672    i.CDC_Control_FS    usbd_cdc_if.o
    0x080003ac   0x080003ac   0x00000004   Code   RO         3673    i.CDC_DeInit_FS     usbd_cdc_if.o
    0x080003b0   0x080003b0   0x00000024   Code   RO         3674    i.CDC_Init_FS       usbd_cdc_if.o
    0x080003d4   0x080003d4   0x00000038   Code   RO         3675    i.CDC_Receive_FS    usbd_cdc_if.o
    0x0800040c   0x0800040c   0x0000002c   Code   RO         3676    i.CDC_Transmit_FS   usbd_cdc_if.o
    0x08000438   0x08000438   0x0000000c   Code   RO         3366    i.Circle_Buf_Init   circle_buffer.o
    0x08000444   0x08000444   0x00000028   Code   RO         3367    i.Circle_Buf_Read   circle_buffer.o
    0x0800046c   0x0800046c   0x0000003c   Code   RO         3368    i.Circle_Buf_Write  circle_buffer.o
    0x080004a8   0x080004a8   0x0000000c   Code   RO          337    i.DMA1_Channel4_IRQHandler  stm32f1xx_it.o
    0x080004b4   0x080004b4   0x0000000c   Code   RO          338    i.DMA1_Channel5_IRQHandler  stm32f1xx_it.o
    0x080004c0   0x080004c0   0x0000002a   Code   RO         2371    i.DMA_SetConfig     stm32f1xx_hal_dma.o
    0x080004ea   0x080004ea   0x00000002   Code   RO          339    i.DebugMon_Handler  stm32f1xx_it.o
    0x080004ec   0x080004ec   0x00000006   Code   RO         4341    i.Disable_TickIRQ   driver_timer.o
    0x080004f2   0x080004f2   0x00000006   Code   RO         4342    i.Enable_TickIRQ    driver_timer.o
    0x080004f8   0x080004f8   0x00000004   Code   RO           13    i.Error_Handler     main.o
    0x080004fc   0x080004fc   0x00000038   Code   RO         3585    i.Get_SerialNum     usbd_desc.o
    0x08000534   0x08000534   0x00000046   Code   RO         2372    i.HAL_DMA_Abort     stm32f1xx_hal_dma.o
    0x0800057a   0x0800057a   0x00000002   PAD
    0x0800057c   0x0800057c   0x00000098   Code   RO         2373    i.HAL_DMA_Abort_IT  stm32f1xx_hal_dma.o
    0x08000614   0x08000614   0x00000154   Code   RO         2377    i.HAL_DMA_IRQHandler  stm32f1xx_hal_dma.o
    0x08000768   0x08000768   0x0000005c   Code   RO         2378    i.HAL_DMA_Init      stm32f1xx_hal_dma.o
    0x080007c4   0x080007c4   0x00000070   Code   RO         2382    i.HAL_DMA_Start_IT  stm32f1xx_hal_dma.o
    0x08000834   0x08000834   0x000001e0   Code   RO         2308    i.HAL_GPIO_Init     stm32f1xx_hal_gpio.o
    0x08000a14   0x08000a14   0x0000000a   Code   RO         2312    i.HAL_GPIO_WritePin  stm32f1xx_hal_gpio.o
    0x08000a1e   0x08000a1e   0x00000002   PAD
    0x08000a20   0x08000a20   0x0000000c   Code   RO         2002    i.HAL_GetTick       stm32f1xx_hal.o
    0x08000a2c   0x08000a2c   0x00000010   Code   RO         2008    i.HAL_IncTick       stm32f1xx_hal.o
    0x08000a3c   0x08000a3c   0x00000024   Code   RO         2009    i.HAL_Init          stm32f1xx_hal.o
    0x08000a60   0x08000a60   0x00000098   Code   RO          478    i.HAL_InitTick      stm32f1xx_hal_timebase_tim.o
    0x08000af8   0x08000af8   0x0000003c   Code   RO          454    i.HAL_MspInit       stm32f1xx_hal_msp.o
    0x08000b34   0x08000b34   0x00000022   Code   RO         2467    i.HAL_NVIC_DisableIRQ  stm32f1xx_hal_cortex.o
    0x08000b56   0x08000b56   0x0000001a   Code   RO         2468    i.HAL_NVIC_EnableIRQ  stm32f1xx_hal_cortex.o
    0x08000b70   0x08000b70   0x00000040   Code   RO         2474    i.HAL_NVIC_SetPriority  stm32f1xx_hal_cortex.o
    0x08000bb0   0x08000bb0   0x00000024   Code   RO         2475    i.HAL_NVIC_SetPriorityGrouping  stm32f1xx_hal_cortex.o
    0x08000bd4   0x08000bd4   0x0000003c   Code   RO         1765    i.HAL_PCDEx_PMAConfig  stm32f1xx_hal_pcd_ex.o
    0x08000c10   0x08000c10   0x00000002   Code   RO         3730    i.HAL_PCDEx_SetConnectionState  usbd_conf.o
    0x08000c12   0x08000c12   0x00000012   Code   RO         3732    i.HAL_PCD_DataInStageCallback  usbd_conf.o
    0x08000c24   0x08000c24   0x00000014   Code   RO         3733    i.HAL_PCD_DataOutStageCallback  usbd_conf.o
    0x08000c38   0x08000c38   0x0000004a   Code   RO         1536    i.HAL_PCD_EP_Close  stm32f1xx_hal_pcd.o
    0x08000c82   0x08000c82   0x0000005a   Code   RO         1537    i.HAL_PCD_EP_ClrStall  stm32f1xx_hal_pcd.o
    0x08000cdc   0x08000cdc   0x000000e6   Code   RO         1538    i.HAL_PCD_EP_DB_Receive  stm32f1xx_hal_pcd.o
    0x08000dc2   0x08000dc2   0x00000338   Code   RO         1539    i.HAL_PCD_EP_DB_Transmit  stm32f1xx_hal_pcd.o
    0x080010fa   0x080010fa   0x00000012   Code   RO         1541    i.HAL_PCD_EP_GetRxCount  stm32f1xx_hal_pcd.o
    0x0800110c   0x0800110c   0x00000058   Code   RO         1542    i.HAL_PCD_EP_Open   stm32f1xx_hal_pcd.o
    0x08001164   0x08001164   0x0000002e   Code   RO         1543    i.HAL_PCD_EP_Receive  stm32f1xx_hal_pcd.o
    0x08001192   0x08001192   0x00000070   Code   RO         1544    i.HAL_PCD_EP_SetStall  stm32f1xx_hal_pcd.o
    0x08001202   0x08001202   0x0000002e   Code   RO         1545    i.HAL_PCD_EP_Transmit  stm32f1xx_hal_pcd.o
    0x08001230   0x08001230   0x00000134   Code   RO         1547    i.HAL_PCD_IRQHandler  stm32f1xx_hal_pcd.o
    0x08001364   0x08001364   0x000000ba   Code   RO         1550    i.HAL_PCD_Init      stm32f1xx_hal_pcd.o
    0x0800141e   0x0800141e   0x00000002   PAD
    0x08001420   0x08001420   0x0000004c   Code   RO         3738    i.HAL_PCD_MspInit   usbd_conf.o
    0x0800146c   0x0800146c   0x00000026   Code   RO         3739    i.HAL_PCD_ResetCallback  usbd_conf.o
    0x08001492   0x08001492   0x00000008   Code   RO         3740    i.HAL_PCD_ResumeCallback  usbd_conf.o
    0x0800149a   0x0800149a   0x00000008   Code   RO         3741    i.HAL_PCD_SOFCallback  usbd_conf.o
    0x080014a2   0x080014a2   0x00000026   Code   RO         1556    i.HAL_PCD_SetAddress  stm32f1xx_hal_pcd.o
    0x080014c8   0x080014c8   0x0000000e   Code   RO         3742    i.HAL_PCD_SetupStageCallback  usbd_conf.o
    0x080014d6   0x080014d6   0x00000032   Code   RO         1558    i.HAL_PCD_Start     stm32f1xx_hal_pcd.o
    0x08001508   0x08001508   0x00000024   Code   RO         3743    i.HAL_PCD_SuspendCallback  usbd_conf.o
    0x0800152c   0x0800152c   0x000000ec   Code   RO         2270    i.HAL_RCCEx_PeriphCLKConfig  stm32f1xx_hal_rcc_ex.o
    0x08001618   0x08001618   0x0000012c   Code   RO         2166    i.HAL_RCC_ClockConfig  stm32f1xx_hal_rcc.o
    0x08001744   0x08001744   0x00000040   Code   RO         2170    i.HAL_RCC_GetClockConfig  stm32f1xx_hal_rcc.o
    0x08001784   0x08001784   0x00000020   Code   RO         2173    i.HAL_RCC_GetPCLK1Freq  stm32f1xx_hal_rcc.o
    0x080017a4   0x080017a4   0x00000020   Code   RO         2174    i.HAL_RCC_GetPCLK2Freq  stm32f1xx_hal_rcc.o
    0x080017c4   0x080017c4   0x0000004c   Code   RO         2175    i.HAL_RCC_GetSysClockFreq  stm32f1xx_hal_rcc.o
    0x08001810   0x08001810   0x00000320   Code   RO         2178    i.HAL_RCC_OscConfig  stm32f1xx_hal_rcc.o
    0x08001b30   0x08001b30   0x00000002   Code   RO         1259    i.HAL_TIMEx_BreakCallback  stm32f1xx_hal_tim_ex.o
    0x08001b32   0x08001b32   0x00000002   Code   RO         1260    i.HAL_TIMEx_CommutCallback  stm32f1xx_hal_tim_ex.o
    0x08001b34   0x08001b34   0x00000068   Code   RO         1278    i.HAL_TIMEx_MasterConfigSynchronization  stm32f1xx_hal_tim_ex.o
    0x08001b9c   0x08001b9c   0x0000005a   Code   RO          555    i.HAL_TIM_Base_Init  stm32f1xx_hal_tim.o
    0x08001bf6   0x08001bf6   0x00000002   PAD
    0x08001bf8   0x08001bf8   0x00000050   Code   RO          241    i.HAL_TIM_Base_MspInit  tim.o
    0x08001c48   0x08001c48   0x00000058   Code   RO          560    i.HAL_TIM_Base_Start_IT  stm32f1xx_hal_tim.o
    0x08001ca0   0x08001ca0   0x000000dc   Code   RO          564    i.HAL_TIM_ConfigClockSource  stm32f1xx_hal_tim.o
    0x08001d7c   0x08001d7c   0x00000002   Code   RO          589    i.HAL_TIM_IC_CaptureCallback  stm32f1xx_hal_tim.o
    0x08001d7e   0x08001d7e   0x00000130   Code   RO          603    i.HAL_TIM_IRQHandler  stm32f1xx_hal_tim.o
    0x08001eae   0x08001eae   0x00000002   PAD
    0x08001eb0   0x08001eb0   0x0000004c   Code   RO          242    i.HAL_TIM_MspPostInit  tim.o
    0x08001efc   0x08001efc   0x00000002   Code   RO          606    i.HAL_TIM_OC_DelayElapsedCallback  stm32f1xx_hal_tim.o
    0x08001efe   0x08001efe   0x000000cc   Code   RO          627    i.HAL_TIM_PWM_ConfigChannel  stm32f1xx_hal_tim.o
    0x08001fca   0x08001fca   0x0000005a   Code   RO          630    i.HAL_TIM_PWM_Init  stm32f1xx_hal_tim.o
    0x08002024   0x08002024   0x00000002   Code   RO          632    i.HAL_TIM_PWM_MspInit  stm32f1xx_hal_tim.o
    0x08002026   0x08002026   0x00000002   Code   RO          633    i.HAL_TIM_PWM_PulseFinishedCallback  stm32f1xx_hal_tim.o
    0x08002028   0x08002028   0x0000009c   Code   RO          635    i.HAL_TIM_PWM_Start  stm32f1xx_hal_tim.o
    0x080020c4   0x080020c4   0x00000014   Code   RO           14    i.HAL_TIM_PeriodElapsedCallback  main.o
    0x080020d8   0x080020d8   0x00000002   Code   RO          646    i.HAL_TIM_TriggerCallback  stm32f1xx_hal_tim.o
    0x080020da   0x080020da   0x0000004a   Code   RO         2978    i.HAL_UARTEx_ReceiveToIdle_DMA  stm32f1xx_hal_uart.o
    0x08002124   0x08002124   0x00000054   Code   RO         3423    i.HAL_UARTEx_RxEventCallback  la_sump.o
    0x08002178   0x08002178   0x00000002   Code   RO         2994    i.HAL_UART_ErrorCallback  stm32f1xx_hal_uart.o
    0x0800217a   0x0800217a   0x0000000a   Code   RO         2996    i.HAL_UART_GetState  stm32f1xx_hal_uart.o
    0x08002184   0x08002184   0x0000026c   Code   RO         2997    i.HAL_UART_IRQHandler  stm32f1xx_hal_uart.o
    0x080023f0   0x080023f0   0x00000064   Code   RO         2998    i.HAL_UART_Init     stm32f1xx_hal_uart.o
    0x08002454   0x08002454   0x000000dc   Code   RO          295    i.HAL_UART_MspInit  usart.o
    0x08002530   0x08002530   0x00000002   Code   RO         3004    i.HAL_UART_RxCpltCallback  stm32f1xx_hal_uart.o
    0x08002532   0x08002532   0x00000002   Code   RO         3005    i.HAL_UART_RxHalfCpltCallback  stm32f1xx_hal_uart.o
    0x08002534   0x08002534   0x00000002   Code   RO         3009    i.HAL_UART_TxCpltCallback  stm32f1xx_hal_uart.o
    0x08002536   0x08002536   0x00000002   Code   RO          340    i.HardFault_Handler  stm32f1xx_it.o
    0x08002538   0x08002538   0x0000003e   Code   RO         3586    i.IntToUnicode      usbd_desc.o
    0x08002576   0x08002576   0x00000002   PAD
    0x08002578   0x08002578   0x00000014   Code   RO         3424    i.LA_Init           la_sump.o
    0x0800258c   0x0800258c   0x00000200   Code   RO         3425    i.LogicalAnalyser   la_sump.o
    0x0800278c   0x0800278c   0x0000003c   Code   RO          216    i.MX_DMA_Init       dma.o
    0x080027c8   0x080027c8   0x000000cc   Code   RO          192    i.MX_GPIO_Init      gpio.o
    0x08002894   0x08002894   0x00000068   Code   RO          243    i.MX_TIM2_Init      tim.o
    0x080028fc   0x080028fc   0x0000009c   Code   RO          244    i.MX_TIM3_Init      tim.o
    0x08002998   0x08002998   0x00000038   Code   RO          296    i.MX_USART1_UART_Init  usart.o
    0x080029d0   0x080029d0   0x00000054   Code   RO         3554    i.MX_USB_DEVICE_Init  usb_device.o
    0x08002a24   0x08002a24   0x00000002   Code   RO          341    i.MemManage_Handler  stm32f1xx_it.o
    0x08002a26   0x08002a26   0x00000002   Code   RO          342    i.NMI_Handler       stm32f1xx_it.o
    0x08002a28   0x08002a28   0x000003a6   Code   RO         1562    i.PCD_EP_ISR_Handler  stm32f1xx_hal_pcd.o
    0x08002dce   0x08002dce   0x00000002   Code   RO          343    i.PendSV_Handler    stm32f1xx_it.o
    0x08002dd0   0x08002dd0   0x00000002   Code   RO          344    i.SVC_Handler       stm32f1xx_it.o
    0x08002dd2   0x08002dd2   0x00000002   Code   RO          345    i.SysTick_Handler   stm32f1xx_it.o
    0x08002dd4   0x08002dd4   0x00000076   Code   RO           15    i.SystemClock_Config  main.o
    0x08002e4a   0x08002e4a   0x00000002   Code   RO         3332    i.SystemInit        system_stm32f1xx.o
    0x08002e4c   0x08002e4c   0x0000000c   Code   RO          346    i.TIM3_IRQHandler   stm32f1xx_it.o
    0x08002e58   0x08002e58   0x0000000c   Code   RO          347    i.TIM4_IRQHandler   stm32f1xx_it.o
    0x08002e64   0x08002e64   0x00000078   Code   RO          648    i.TIM_Base_SetConfig  stm32f1xx_hal_tim.o
    0x08002edc   0x08002edc   0x0000001a   Code   RO          649    i.TIM_CCxChannelCmd  stm32f1xx_hal_tim.o
    0x08002ef6   0x08002ef6   0x00000014   Code   RO          659    i.TIM_ETR_SetConfig  stm32f1xx_hal_tim.o
    0x08002f0a   0x08002f0a   0x00000010   Code   RO          660    i.TIM_ITRx_SetConfig  stm32f1xx_hal_tim.o
    0x08002f1a   0x08002f1a   0x00000002   PAD
    0x08002f1c   0x08002f1c   0x00000050   Code   RO          661    i.TIM_OC1_SetConfig  stm32f1xx_hal_tim.o
    0x08002f6c   0x08002f6c   0x00000058   Code   RO          662    i.TIM_OC2_SetConfig  stm32f1xx_hal_tim.o
    0x08002fc4   0x08002fc4   0x00000058   Code   RO          663    i.TIM_OC3_SetConfig  stm32f1xx_hal_tim.o
    0x0800301c   0x0800301c   0x00000044   Code   RO          664    i.TIM_OC4_SetConfig  stm32f1xx_hal_tim.o
    0x08003060   0x08003060   0x00000022   Code   RO          666    i.TIM_TI1_ConfigInputStage  stm32f1xx_hal_tim.o
    0x08003082   0x08003082   0x00000024   Code   RO          668    i.TIM_TI2_ConfigInputStage  stm32f1xx_hal_tim.o
    0x080030a6   0x080030a6   0x00000002   PAD
    0x080030a8   0x080030a8   0x00000028   Code   RO         3370    i.UARTGetCharTimeout  circle_buffer.o
    0x080030d0   0x080030d0   0x00000010   Code   RO         3011    i.UART_DMAAbortOnError  stm32f1xx_hal_uart.o
    0x080030e0   0x080030e0   0x0000004a   Code   RO         3012    i.UART_DMAError     stm32f1xx_hal_uart.o
    0x0800312a   0x0800312a   0x00000086   Code   RO         3013    i.UART_DMAReceiveCplt  stm32f1xx_hal_uart.o
    0x080031b0   0x080031b0   0x0000001e   Code   RO         3015    i.UART_DMARxHalfCplt  stm32f1xx_hal_uart.o
    0x080031ce   0x080031ce   0x0000004e   Code   RO         3021    i.UART_EndRxTransfer  stm32f1xx_hal_uart.o
    0x0800321c   0x0800321c   0x0000001c   Code   RO         3022    i.UART_EndTxTransfer  stm32f1xx_hal_uart.o
    0x08003238   0x08003238   0x000000c2   Code   RO         3023    i.UART_Receive_IT   stm32f1xx_hal_uart.o
    0x080032fa   0x080032fa   0x00000002   PAD
    0x080032fc   0x080032fc   0x000000b8   Code   RO         3024    i.UART_SetConfig    stm32f1xx_hal_uart.o
    0x080033b4   0x080033b4   0x00000090   Code   RO         3025    i.UART_Start_Receive_DMA  stm32f1xx_hal_uart.o
    0x08003444   0x08003444   0x0000000c   Code   RO          348    i.USART1_IRQHandler  stm32f1xx_it.o
    0x08003450   0x08003450   0x0000004a   Code   RO         4235    i.USBD_CDC_DataIn   usbd_cdc.o
    0x0800349a   0x0800349a   0x00000030   Code   RO         4236    i.USBD_CDC_DataOut  usbd_cdc.o
    0x080034ca   0x080034ca   0x00000046   Code   RO         4237    i.USBD_CDC_DeInit   usbd_cdc.o
    0x08003510   0x08003510   0x0000002a   Code   RO         4238    i.USBD_CDC_EP0_RxReady  usbd_cdc.o
    0x0800353a   0x0800353a   0x00000002   PAD
    0x0800353c   0x0800353c   0x0000000c   Code   RO         4239    i.USBD_CDC_GetDeviceQualifierDescriptor  usbd_cdc.o
    0x08003548   0x08003548   0x0000000c   Code   RO         4240    i.USBD_CDC_GetFSCfgDesc  usbd_cdc.o
    0x08003554   0x08003554   0x0000000c   Code   RO         4241    i.USBD_CDC_GetHSCfgDesc  usbd_cdc.o
    0x08003560   0x08003560   0x0000000c   Code   RO         4242    i.USBD_CDC_GetOtherSpeedCfgDesc  usbd_cdc.o
    0x0800356c   0x0800356c   0x000000ac   Code   RO         4243    i.USBD_CDC_Init     usbd_cdc.o
    0x08003618   0x08003618   0x00000032   Code   RO         4244    i.USBD_CDC_ReceivePacket  usbd_cdc.o
    0x0800364a   0x0800364a   0x00000010   Code   RO         4245    i.USBD_CDC_RegisterInterface  usbd_cdc.o
    0x0800365a   0x0800365a   0x0000000c   Code   RO         4246    i.USBD_CDC_SetRxBuffer  usbd_cdc.o
    0x08003666   0x08003666   0x00000010   Code   RO         4247    i.USBD_CDC_SetTxBuffer  usbd_cdc.o
    0x08003676   0x08003676   0x000000e6   Code   RO         4248    i.USBD_CDC_Setup    usbd_cdc.o
    0x0800375c   0x0800375c   0x00000038   Code   RO         4249    i.USBD_CDC_TransmitPacket  usbd_cdc.o
    0x08003794   0x08003794   0x0000000e   Code   RO         3942    i.USBD_ClrClassConfig  usbd_core.o
    0x080037a2   0x080037a2   0x00000026   Code   RO         4080    i.USBD_ClrFeature   usbd_ctlreq.o
    0x080037c8   0x080037c8   0x00000010   Code   RO         4175    i.USBD_CtlContinueRx  usbd_ioreq.o
    0x080037d8   0x080037d8   0x00000010   Code   RO         4176    i.USBD_CtlContinueSendData  usbd_ioreq.o
    0x080037e8   0x080037e8   0x00000018   Code   RO         4081    i.USBD_CtlError     usbd_ctlreq.o
    0x08003800   0x08003800   0x0000001e   Code   RO         4177    i.USBD_CtlPrepareRx  usbd_ioreq.o
    0x0800381e   0x0800381e   0x00000016   Code   RO         4178    i.USBD_CtlReceiveStatus  usbd_ioreq.o
    0x08003834   0x08003834   0x0000001a   Code   RO         4179    i.USBD_CtlSendData  usbd_ioreq.o
    0x0800384e   0x0800384e   0x00000016   Code   RO         4180    i.USBD_CtlSendStatus  usbd_ioreq.o
    0x08003864   0x08003864   0x00000030   Code   RO         3587    i.USBD_FS_ConfigStrDescriptor  usbd_desc.o
    0x08003894   0x08003894   0x0000000c   Code   RO         3588    i.USBD_FS_DeviceDescriptor  usbd_desc.o
    0x080038a0   0x080038a0   0x00000034   Code   RO         3589    i.USBD_FS_InterfaceStrDescriptor  usbd_desc.o
    0x080038d4   0x080038d4   0x0000000c   Code   RO         3590    i.USBD_FS_LangIDStrDescriptor  usbd_desc.o
    0x080038e0   0x080038e0   0x00000028   Code   RO         3591    i.USBD_FS_ManufacturerStrDescriptor  usbd_desc.o
    0x08003908   0x08003908   0x0000003c   Code   RO         3592    i.USBD_FS_ProductStrDescriptor  usbd_desc.o
    0x08003944   0x08003944   0x00000014   Code   RO         3593    i.USBD_FS_SerialStrDescriptor  usbd_desc.o
    0x08003958   0x08003958   0x00000034   Code   RO         4082    i.USBD_GetConfig    usbd_ctlreq.o
    0x0800398c   0x0800398c   0x000001aa   Code   RO         4083    i.USBD_GetDescriptor  usbd_ctlreq.o
    0x08003b36   0x08003b36   0x00000018   Code   RO         4084    i.USBD_GetLen       usbd_ctlreq.o
    0x08003b4e   0x08003b4e   0x00000036   Code   RO         4085    i.USBD_GetStatus    usbd_ctlreq.o
    0x08003b84   0x08003b84   0x00000044   Code   RO         4086    i.USBD_GetString    usbd_ctlreq.o
    0x08003bc8   0x08003bc8   0x00000024   Code   RO         3744    i.USBD_Get_USB_Status  usbd_conf.o
    0x08003bec   0x08003bec   0x0000002c   Code   RO         3944    i.USBD_Init         usbd_core.o
    0x08003c18   0x08003c18   0x00000012   Code   RO         3745    i.USBD_LL_ClearStallEP  usbd_conf.o
    0x08003c2a   0x08003c2a   0x00000012   Code   RO         3746    i.USBD_LL_CloseEP   usbd_conf.o
    0x08003c3c   0x08003c3c   0x000000d6   Code   RO         3945    i.USBD_LL_DataInStage  usbd_core.o
    0x08003d12   0x08003d12   0x0000008a   Code   RO         3946    i.USBD_LL_DataOutStage  usbd_core.o
    0x08003d9c   0x08003d9c   0x00000008   Code   RO         3750    i.USBD_LL_GetRxDataSize  usbd_conf.o
    0x08003da4   0x08003da4   0x00000084   Code   RO         3751    i.USBD_LL_Init      usbd_conf.o
    0x08003e28   0x08003e28   0x00000020   Code   RO         3752    i.USBD_LL_IsStallEP  usbd_conf.o
    0x08003e48   0x08003e48   0x00000018   Code   RO         3753    i.USBD_LL_OpenEP    usbd_conf.o
    0x08003e60   0x08003e60   0x00000012   Code   RO         3754    i.USBD_LL_PrepareReceive  usbd_conf.o
    0x08003e72   0x08003e72   0x00000052   Code   RO         3951    i.USBD_LL_Reset     usbd_core.o
    0x08003ec4   0x08003ec4   0x00000014   Code   RO         3952    i.USBD_LL_Resume    usbd_core.o
    0x08003ed8   0x08003ed8   0x00000018   Code   RO         3953    i.USBD_LL_SOF       usbd_core.o
    0x08003ef0   0x08003ef0   0x00000006   Code   RO         3954    i.USBD_LL_SetSpeed  usbd_core.o
    0x08003ef6   0x08003ef6   0x00000012   Code   RO         3755    i.USBD_LL_SetUSBAddress  usbd_conf.o
    0x08003f08   0x08003f08   0x0000005e   Code   RO         3955    i.USBD_LL_SetupStage  usbd_core.o
    0x08003f66   0x08003f66   0x00000012   Code   RO         3756    i.USBD_LL_StallEP   usbd_conf.o
    0x08003f78   0x08003f78   0x00000012   Code   RO         3757    i.USBD_LL_Start     usbd_conf.o
    0x08003f8a   0x08003f8a   0x00000012   Code   RO         3956    i.USBD_LL_Suspend   usbd_core.o
    0x08003f9c   0x08003f9c   0x00000012   Code   RO         3759    i.USBD_LL_Transmit  usbd_conf.o
    0x08003fae   0x08003fae   0x00000028   Code   RO         4087    i.USBD_ParseSetupRequest  usbd_ctlreq.o
    0x08003fd6   0x08003fd6   0x00000012   Code   RO         3957    i.USBD_RegisterClass  usbd_core.o
    0x08003fe8   0x08003fe8   0x00000004   Code   RO         3958    i.USBD_RunTestMode  usbd_core.o
    0x08003fec   0x08003fec   0x00000058   Code   RO         4088    i.USBD_SetAddress   usbd_ctlreq.o
    0x08004044   0x08004044   0x00000018   Code   RO         3959    i.USBD_SetClassConfig  usbd_core.o
    0x0800405c   0x0800405c   0x000000cc   Code   RO         4089    i.USBD_SetConfig    usbd_ctlreq.o
    0x08004128   0x08004128   0x00000010   Code   RO         4090    i.USBD_SetFeature   usbd_ctlreq.o
    0x08004138   0x08004138   0x0000000a   Code   RO         3960    i.USBD_Start        usbd_core.o
    0x08004142   0x08004142   0x00000080   Code   RO         4091    i.USBD_StdDevReq    usbd_ctlreq.o
    0x080041c2   0x080041c2   0x000001f0   Code   RO         4092    i.USBD_StdEPReq     usbd_ctlreq.o
    0x080043b2   0x080043b2   0x0000006a   Code   RO         4093    i.USBD_StdItfReq    usbd_ctlreq.o
    0x0800441c   0x0800441c   0x00000002   Code   RO         3760    i.USBD_static_free  usbd_conf.o
    0x0800441e   0x0800441e   0x00000002   PAD
    0x08004420   0x08004420   0x00000008   Code   RO         3761    i.USBD_static_malloc  usbd_conf.o
    0x08004428   0x08004428   0x0000029c   Code   RO         1805    i.USB_ActivateEndpoint  stm32f1xx_ll_usb.o
    0x080046c4   0x080046c4   0x00000004   Code   RO         1808    i.USB_CoreInit      stm32f1xx_ll_usb.o
    0x080046c8   0x080046c8   0x0000010e   Code   RO         1810    i.USB_DeactivateEndpoint  stm32f1xx_ll_usb.o
    0x080047d6   0x080047d6   0x00000004   Code   RO         1811    i.USB_DevConnect    stm32f1xx_ll_usb.o
    0x080047da   0x080047da   0x00000004   Code   RO         1812    i.USB_DevDisconnect  stm32f1xx_ll_usb.o
    0x080047de   0x080047de   0x00000012   Code   RO         1813    i.USB_DevInit       stm32f1xx_ll_usb.o
    0x080047f0   0x080047f0   0x0000000e   Code   RO         1814    i.USB_DisableGlobalInt  stm32f1xx_ll_usb.o
    0x080047fe   0x080047fe   0x00000004   Code   RO         1815    i.USB_EP0_OutStart  stm32f1xx_ll_usb.o
    0x08004802   0x08004802   0x00000078   Code   RO         1816    i.USB_EPClearStall  stm32f1xx_ll_usb.o
    0x0800487a   0x0800487a   0x00000032   Code   RO         1817    i.USB_EPSetStall    stm32f1xx_ll_usb.o
    0x080048ac   0x080048ac   0x000004e2   Code   RO         1818    i.USB_EPStartXfer   stm32f1xx_ll_usb.o
    0x08004d8e   0x08004d8e   0x00000012   Code   RO         1820    i.USB_EnableGlobalInt  stm32f1xx_ll_usb.o
    0x08004da0   0x08004da0   0x0000000c   Code   RO          349    i.USB_HP_CAN1_TX_IRQHandler  stm32f1xx_it.o
    0x08004dac   0x08004dac   0x0000000c   Code   RO          350    i.USB_LP_CAN1_RX0_IRQHandler  stm32f1xx_it.o
    0x08004db8   0x08004db8   0x00000006   Code   RO         1827    i.USB_ReadInterrupts  stm32f1xx_ll_usb.o
    0x08004dbe   0x08004dbe   0x00000002   PAD
    0x08004dc0   0x08004dc0   0x0000002c   Code   RO         1828    i.USB_ReadPMA       stm32f1xx_ll_usb.o
    0x08004dec   0x08004dec   0x00000004   Code   RO         1829    i.USB_SetCurrentMode  stm32f1xx_ll_usb.o
    0x08004df0   0x08004df0   0x0000000c   Code   RO         1830    i.USB_SetDevAddress  stm32f1xx_ll_usb.o
    0x08004dfc   0x08004dfc   0x00000026   Code   RO         1832    i.USB_WritePMA      stm32f1xx_ll_usb.o
    0x08004e22   0x08004e22   0x00000002   Code   RO          351    i.UsageFault_Handler  stm32f1xx_it.o
    0x08004e24   0x08004e24   0x00000020   Code   RO         2481    i.__NVIC_SetPriority  stm32f1xx_hal_cortex.o
    0x08004e44   0x08004e44   0x00000048   Code   RO           16    i.main              main.o
    0x08004e8c   0x08004e8c   0x0000001a   Code   RO         4343    i.mdelay            driver_timer.o
    0x08004ea6   0x08004ea6   0x00000002   PAD
    0x08004ea8   0x08004ea8   0x00000020   Code   RO         3426    i.send_byte         la_sump.o
    0x08004ec8   0x08004ec8   0x00000024   Code   RO         3427    i.send_uint32       la_sump.o
    0x08004eec   0x08004eec   0x00000064   Code   RO         3428    i.start             la_sump.o
    0x08004f50   0x08004f50   0x0000005c   Code   RO         3429    i.uart_save_in_buf_and_send  la_sump.o
    0x08004fac   0x08004fac   0x00000004   Code   RO         3430    i.uart_send         la_sump.o
    0x08004fb0   0x08004fb0   0x00000038   Code   RO         4345    i.udelay            driver_timer.o
    0x08004fe8   0x08004fe8   0x0000012c   Code   RO         3431    i.upload            la_sump.o
    0x08005114   0x08005114   0x00000038   Code   RO         3677    i.usb_send          usbd_cdc_if.o
    0x0800514c   0x0800514c   0x00000012   Data   RO         2179    .constdata          stm32f1xx_hal_rcc.o
    0x0800515e   0x0800515e   0x00000010   Data   RO         3333    .constdata          system_stm32f1xx.o
    0x0800516e   0x0800516e   0x00000008   Data   RO         3334    .constdata          system_stm32f1xx.o
    0x08005176   0x08005176   0x00000002   PAD
    0x08005178   0x08005178   0x00000020   Data   RO         4564    Region$$Table       anon$$obj.o


    Execution Region RW_IRAM1 (Exec base: 0x20000000, Load base: 0x08005198, Size: 0x00003130, Max: 0x00005000, ABSOLUTE, COMPRESSED[0x000000c4])

    Exec Addr    Load Addr    Size         Type   Attr      Idx    E Section Name        Object

    0x20000000   COMPRESSED   0x0000000c   Data   RW         2016    .data               stm32f1xx_hal.o
    0x2000000c   COMPRESSED   0x00000004   Data   RW         3335    .data               system_stm32f1xx.o
    0x20000010   COMPRESSED   0x00000004   Data   RW         3373    .data               circle_buffer.o
    0x20000014   COMPRESSED   0x00000030   Data   RW         3433    .data               la_sump.o
    0x20000044   COMPRESSED   0x0000001c   Data   RW         3595    .data               usbd_desc.o
    0x20000060   COMPRESSED   0x00000032   Data   RW         3596    .data               usbd_desc.o
    0x20000092   COMPRESSED   0x00000002   PAD
    0x20000094   COMPRESSED   0x00000010   Data   RW         3679    .data               usbd_cdc_if.o
    0x200000a4   COMPRESSED   0x00000001   Data   RW         4094    .data               usbd_ctlreq.o
    0x200000a5   COMPRESSED   0x00000003   PAD
    0x200000a8   COMPRESSED   0x000000d7   Data   RW         4250    .data               usbd_cdc.o
    0x2000017f   COMPRESSED   0x00000001   PAD
    0x20000180   COMPRESSED   0x00000038   Data   RW         4251    .data               usbd_cdc.o
    0x200001b8        -       0x00000090   Zero   RW          245    .bss                tim.o
    0x20000248        -       0x000000d0   Zero   RW          297    .bss                usart.o
    0x20000318        -       0x00000048   Zero   RW          481    .bss                stm32f1xx_hal_timebase_tim.o
    0x20000360        -       0x00000064   Zero   RW         3371    .bss                circle_buffer.o
    0x200003c4        -       0x00000010   Zero   RW         3372    .bss                circle_buffer.o
    0x200003d4        -       0x00001540   Zero   RW         3432    .bss                la_sump.o
    0x20001914        -       0x000002c4   Zero   RW         3555    .bss                usb_device.o
    0x20001bd8        -       0x00000200   Zero   RW         3594    .bss                usbd_desc.o
    0x20001dd8        -       0x00000800   Zero   RW         3678    .bss                usbd_cdc_if.o
    0x200025d8        -       0x000004f8   Zero   RW         3762    .bss                usbd_conf.o
    0x20002ad0        -       0x00000060   Zero   RW         4438    .bss                c_w.l(libspace.o)
    0x20002b30        -       0x00000200   Zero   RW            2    HEAP                startup_stm32f103xb.o
    0x20002d30        -       0x00000400   Zero   RW            1    STACK               startup_stm32f103xb.o


==============================================================================

Image component sizes


      Code (inc. data)   RO Data    RW Data    ZI Data      Debug   Object Name

       148         32          0          0          0        360   asm_getdata.o
       152         14          0          4        116       3808   circle_buffer.o
        60          4          0          0          0        746   dma.o
        94          4          0          0          0       2057   driver_timer.o
       204         16          0          0          0        963   gpio.o
      1180        112          0         48       5440      12050   la_sump.o
       214         18          0          0          0     446476   main.o
        64         26        236          0       1536        800   startup_stm32f103xb.o
        64         14          0         12          0       4582   stm32f1xx_hal.o
       192         14          0          0          0      28816   stm32f1xx_hal_cortex.o
       808         36          0          0          0       4922   stm32f1xx_hal_dma.o
       490         34          0          0          0       2860   stm32f1xx_hal_gpio.o
        60          8          0          0          0        854   stm32f1xx_hal_msp.o
      3044          0          0          0          0      14113   stm32f1xx_hal_pcd.o
        60          0          0          0          0       1158   stm32f1xx_hal_pcd_ex.o
      1304         94         18          0          0       5681   stm32f1xx_hal_rcc.o
       236         12          0          0          0       1364   stm32f1xx_hal_rcc_ex.o
      1738         56          0          0          0      15926   stm32f1xx_hal_tim.o
       108         12          0          0          0       2369   stm32f1xx_hal_tim_ex.o
       152         20          0          0         72       1451   stm32f1xx_hal_timebase_tim.o
      1694         24          0          0          0      12549   stm32f1xx_hal_uart.o
       102         42          0          0          0       6825   stm32f1xx_it.o
      2528          0          0          0          0      15943   stm32f1xx_ll_usb.o
         2          0         24          4          0       1091   system_stm32f1xx.o
       416         36          0          0        144       2953   tim.o
       276         30          0          0        208       1848   usart.o
        84         18          0          0        708        772   usb_device.o
       834         16          0        271          0      13054   usbd_cdc.o
       204         28          0         16       2048       4223   usbd_cdc_if.o
       588         26          0          0       1272      14069   usbd_conf.o
       710          0          0          0          0       9811   usbd_core.o
      1764         30          0          1          0      11172   usbd_ctlreq.o
       362        110          0         78        512       6561   usbd_desc.o
       132          0          0          0          0       4272   usbd_ioreq.o

    ----------------------------------------------------------------------
     20094        886        312        440      12056     656499   Object Totals
         0          0         32          0          0          0   (incl. Generated)
        26          0          2          6          0          0   (incl. Padding)

    ----------------------------------------------------------------------

      Code (inc. data)   RO Data    RW Data    ZI Data      Debug   Library Member Name

        90          0          0          0          0          0   __dczerorl2.o
         8          0          0          0          0         68   __main.o
         0          0          0          0          0          0   __rtentry.o
        12          0          0          0          0          0   __rtentry2.o
         6          0          0          0          0          0   __rtentry4.o
        52          8          0          0          0          0   __scatter.o
        28          0          0          0          0          0   __scatter_zi.o
        18          0          0          0          0         80   exit.o
         6          0          0          0          0        152   heapauxi.o
         0          0          0          0          0          0   indicate_semi.o
         2          0          0          0          0          0   libinit.o
         2          0          0          0          0          0   libinit2.o
         2          0          0          0          0          0   libshutdown.o
         2          0          0          0          0          0   libshutdown2.o
         8          4          0          0         96         68   libspace.o
        78          0          0          0          0         80   rt_memclr_w.o
         2          0          0          0          0          0   rtexit.o
        10          0          0          0          0          0   rtexit2.o
        62          0          0          0          0         76   strlen.o
        12          4          0          0          0         68   sys_exit.o
        74          0          0          0          0         80   sys_stackheap_outer.o
         2          0          0          0          0         68   use_no_semi.o

    ----------------------------------------------------------------------
       482         16          0          0         96        740   Library Totals
         6          0          0          0          0          0   (incl. Padding)

    ----------------------------------------------------------------------

      Code (inc. data)   RO Data    RW Data    ZI Data      Debug   Library Name

       476         16          0          0         96        740   c_w.l

    ----------------------------------------------------------------------
       482         16          0          0         96        740   Library Totals

    ----------------------------------------------------------------------

==============================================================================


      Code (inc. data)   RO Data    RW Data    ZI Data      Debug   

     20576        902        312        440      12152     645275   Grand Totals
     20576        902        312        196      12152     645275   ELF Image Totals (compressed)
     20576        902        312        196          0          0   ROM Totals

==============================================================================

    Total RO  Size (Code + RO Data)                20888 (  20.40kB)
    Total RW  Size (RW Data + ZI Data)             12592 (  12.30kB)
    Total ROM Size (Code + RO Data + RW Data)      21084 (  20.59kB)

==============================================================================

