<html>
<body>
<pre>
<h1>礦ision Build Log</h1>
<h2>Tool Versions:</h2>
IDE-Version: μVision V5.29.0.0
Copyright (C) 2019 ARM Ltd and ARM Germany GmbH. All rights reserved.
License Information: nana yuqiri, nana, LIC=CZLZX-H8HQ1-740S0-BP4QG-NK0D9-8ZBGC
 
Tool Versions:
Toolchain:       MDK-ARM Plus  Version: 5.29.0.0
Toolchain Path:  E:\Program Files (x86)\Keil\ARM\ARMCC\Bin
C Compiler:      Armcc.exe V5.06 update 6 (build 750)
Assembler:       Armasm.exe V5.06 update 6 (build 750)
Linker/Locator:  ArmLink.exe V5.06 update 6 (build 750)
Library Manager: ArmAr.exe V5.06 update 6 (build 750)
Hex Converter:   FromElf.exe V5.06 update 6 (build 750)
CPU DLL:         SARMCM3.DLL V5.29.0.0
Dialog DLL:      DCM.DLL V1.17.3.0
Target DLL:      STLink\ST-LINKIII-KEIL_SWO.dll V3.0.7.0
Dialog DLL:      TCM.DLL V1.36.5.0
 
<h2>Project:</h2>
E:\YUQIRI\Logical-Analyse-Machine\LA(True)\MDK-ARM\LA(True).uvprojx
Project File Date:  03/09/2026

<h2>Output:</h2>
*** Using Compiler 'V5.06 update 6 (build 750)', folder: 'E:\Program Files (x86)\Keil\ARM\ARMCC\Bin'
Build target 'LA(True)'
compiling la_sump.c...
..\Lib\Logical_Analsyer\Src\la_sump.c(605): warning:  #550-D: variable "g_samplingRate"  was set but never used
  static uint32_t g_samplingRate = 0;          // 当前采样率
..\Lib\Logical_Analsyer\Src\la_sump.c(607): warning:  #550-D: variable "g_sampleNumber"  was set but never used
  static uint32_t g_sampleNumber = 0;          // 采样数量
..\Lib\Logical_Analsyer\Src\la_sump.c(609): warning:  #550-D: variable "g_triggerValue"  was set but never used
  static uint32_t g_triggerValue = 0;          // 触发值
..\Lib\Logical_Analsyer\Src\la_sump.c(612): warning:  #177-D: variable "g_rxcnt_buf"  was declared but never referenced
  static uint32_t g_rxcnt_buf[LA_RX_DATASIZE]; // 采样计数缓冲区
..\Lib\Logical_Analsyer\Src\la_sump.c(613): warning:  #177-D: variable "g_cur_pos"  was declared but never referenced
  static int32_t g_cur_pos = 0;                // 当前采样位置
..\Lib\Logical_Analsyer\Src\la_sump.c(616): warning:  #550-D: variable "g_flags"  was set but never used
  static uint32_t g_flags = 0;                 // 协议标志位
..\Lib\Logical_Analsyer\Src\la_sump.c: 6 warnings, 0 errors
linking...
Program Size: Code=9608 RO-data=312 RW-data=60 ZI-data=5812  
FromELF: creating hex file...
"LA(True)\LA(True).axf" - 0 Error(s), 6 Warning(s).

<h2>Software Packages used:</h2>

Package Vendor: ARM
                http://www.keil.com/pack/ARM.CMSIS.5.6.0.pack
                ARM.CMSIS.5.6.0
                CMSIS (Cortex Microcontroller Software Interface Standard)
   * Component: CORE Version: 5.3.0

Package Vendor: Keil
                http://www.keil.com/pack/Keil.STM32F1xx_DFP.2.2.0.pack
                Keil.STM32F1xx_DFP.2.2.0
                STMicroelectronics STM32F1 Series Device Support, Drivers and Examples

<h2>Collection of Component include folders:</h2>
  .\RTE\_LA_True_
  E:\Program Files (x86)\Keil\ARM\PACK\ARM\CMSIS\5.6.0\CMSIS\Core\Include
  E:\Program Files (x86)\Keil\ARM\PACK\Keil\STM32F1xx_DFP\2.2.0\Device\Include

<h2>Collection of Component Files used:</h2>

   * Component: ARM::CMSIS:CORE:5.3.0
Build Time Elapsed:  00:00:01
</pre>
</body>
</html>
