*** Using Compiler 'V5.06 update 6 (build 750)', folder: 'E:\Program Files (x86)\Keil\ARM\ARMCC\Bin'
Rebuild target 'LogicalAnalayser'
assembling startup_stm32f103xb.s...
compiling oled.c...
..\Lib\SSD1306\Src\oled.c(24): error:  #5: cannot open source input file "oled.h": No such file or directory
  #include "oled.h"
..\Lib\SSD1306\Src\oled.c: 0 warnings, 1 error
compiling la_hw.c...
..\Lib\Logical_Analsyer\Src\la_hw.c(5): error:  #5: cannot open source input file "la_hw.h": No such file or directory
  #include "la_hw.h"
..\Lib\Logical_Analsyer\Src\la_hw.c: 0 warnings, 1 error
compiling font.c...
..\Lib\SSD1306\Src\font.c(12): error:  #5: cannot open source input file "font.h": No such file or directory
  #include "font.h"
..\Lib\SSD1306\Src\font.c: 0 warnings, 1 error
compiling Circle_Buffer.c...
compiling la_sump.c...
..\Lib\Logical_Analsyer\Src\la_sump.c(5): error:  #5: cannot open source input file "la_sump.h": No such file or directory
  #include "la_sump.h"
..\Lib\Logical_Analsyer\Src\la_sump.c: 0 warnings, 1 error
compiling usart.c...
../Core/Inc/usart.h(32): error:  #5: cannot open source input file "Circle_Buffer.h": No such file or directory
  #include "Circle_Buffer.h"
../Core/Src/usart.c: 0 warnings, 1 error
compiling main.c...
../Core/Inc/usart.h(32): error:  #5: cannot open source input file "Circle_Buffer.h": No such file or directory
  #include "Circle_Buffer.h"
../Core/Src/main.c: 0 warnings, 1 error
compiling gpio.c...
compiling dma.c...
compiling stm32f1xx_it.c...
compiling i2c.c...
compiling stm32f1xx_hal_msp.c...
compiling stm32f1xx_hal.c...
compiling stm32f1xx_hal_gpio_ex.c...
compiling stm32f1xx_hal_rcc_ex.c...
compiling tim.c...
compiling stm32f1xx_hal_gpio.c...
compiling stm32f1xx_hal_rcc.c...
compiling stm32f1xx_hal_i2c.c...
compiling stm32f1xx_hal_cortex.c...
compiling stm32f1xx_hal_dma.c...
compiling stm32f1xx_hal_pwr.c...
compiling stm32f1xx_hal_flash_ex.c...
compiling stm32f1xx_hal_flash.c...
compiling system_stm32f1xx.c...
compiling stm32f1xx_hal_exti.c...
compiling stm32f1xx_hal_uart.c...
compiling stm32f1xx_hal_tim_ex.c...
compiling stm32f1xx_hal_tim.c...
"LogicalAnalayser\LogicalAnalayser.axf" - 6 Error(s), 0 Warning(s).
Target not created.
Build Time Elapsed:  00:00:06
